Archive member included to satisfy reference by file (symbol)

c:/app/stm32/stm32cubeide_1.11.2/stm32cubeide/plugins/com.st.stm32cube.ide.mcu.externaltools.gnu-tools-for-stm32.10.3-2021.10.win32_1.0.100.202210260954/tools/bin/../lib/gcc/arm-none-eabi/10.3.1/../../../../arm-none-eabi/lib/thumb/v7e-m+fp/hard\libc_nano.a(lib_a-errno.o)
                              ./Core/Src/syscalls.o (__errno)
c:/app/stm32/stm32cubeide_1.11.2/stm32cubeide/plugins/com.st.stm32cube.ide.mcu.externaltools.gnu-tools-for-stm32.10.3-2021.10.win32_1.0.100.202210260954/tools/bin/../lib/gcc/arm-none-eabi/10.3.1/../../../../arm-none-eabi/lib/thumb/v7e-m+fp/hard\libc_nano.a(lib_a-exit.o)
                              c:/app/stm32/stm32cubeide_1.11.2/stm32cubeide/plugins/com.st.stm32cube.ide.mcu.externaltools.gnu-tools-for-stm32.10.3-2021.10.win32_1.0.100.202210260954/tools/bin/../lib/gcc/arm-none-eabi/10.3.1/../../../../arm-none-eabi/lib/thumb/v7e-m+fp/hard/crt0.o (exit)
c:/app/stm32/stm32cubeide_1.11.2/stm32cubeide/plugins/com.st.stm32cube.ide.mcu.externaltools.gnu-tools-for-stm32.10.3-2021.10.win32_1.0.100.202210260954/tools/bin/../lib/gcc/arm-none-eabi/10.3.1/../../../../arm-none-eabi/lib/thumb/v7e-m+fp/hard\libc_nano.a(lib_a-fclose.o)
                              ./hagl/src/hagl.o (fclose)
c:/app/stm32/stm32cubeide_1.11.2/stm32cubeide/plugins/com.st.stm32cube.ide.mcu.externaltools.gnu-tools-for-stm32.10.3-2021.10.win32_1.0.100.202210260954/tools/bin/../lib/gcc/arm-none-eabi/10.3.1/../../../../arm-none-eabi/lib/thumb/v7e-m+fp/hard\libc_nano.a(lib_a-fflush.o)
                              c:/app/stm32/stm32cubeide_1.11.2/stm32cubeide/plugins/com.st.stm32cube.ide.mcu.externaltools.gnu-tools-for-stm32.10.3-2021.10.win32_1.0.100.202210260954/tools/bin/../lib/gcc/arm-none-eabi/10.3.1/../../../../arm-none-eabi/lib/thumb/v7e-m+fp/hard\libc_nano.a(lib_a-fclose.o) (__sflush_r)
c:/app/stm32/stm32cubeide_1.11.2/stm32cubeide/plugins/com.st.stm32cube.ide.mcu.externaltools.gnu-tools-for-stm32.10.3-2021.10.win32_1.0.100.202210260954/tools/bin/../lib/gcc/arm-none-eabi/10.3.1/../../../../arm-none-eabi/lib/thumb/v7e-m+fp/hard\libc_nano.a(lib_a-findfp.o)
                              c:/app/stm32/stm32cubeide_1.11.2/stm32cubeide/plugins/com.st.stm32cube.ide.mcu.externaltools.gnu-tools-for-stm32.10.3-2021.10.win32_1.0.100.202210260954/tools/bin/../lib/gcc/arm-none-eabi/10.3.1/../../../../arm-none-eabi/lib/thumb/v7e-m+fp/hard\libc_nano.a(lib_a-fclose.o) (__sfp_lock_acquire)
c:/app/stm32/stm32cubeide_1.11.2/stm32cubeide/plugins/com.st.stm32cube.ide.mcu.externaltools.gnu-tools-for-stm32.10.3-2021.10.win32_1.0.100.202210260954/tools/bin/../lib/gcc/arm-none-eabi/10.3.1/../../../../arm-none-eabi/lib/thumb/v7e-m+fp/hard\libc_nano.a(lib_a-fopen.o)
                              ./hagl/src/hagl.o (fopen)
c:/app/stm32/stm32cubeide_1.11.2/stm32cubeide/plugins/com.st.stm32cube.ide.mcu.externaltools.gnu-tools-for-stm32.10.3-2021.10.win32_1.0.100.202210260954/tools/bin/../lib/gcc/arm-none-eabi/10.3.1/../../../../arm-none-eabi/lib/thumb/v7e-m+fp/hard\libc_nano.a(lib_a-fread.o)
                              ./hagl/src/hagl.o (fread)
c:/app/stm32/stm32cubeide_1.11.2/stm32cubeide/plugins/com.st.stm32cube.ide.mcu.externaltools.gnu-tools-for-stm32.10.3-2021.10.win32_1.0.100.202210260954/tools/bin/../lib/gcc/arm-none-eabi/10.3.1/../../../../arm-none-eabi/lib/thumb/v7e-m+fp/hard\libc_nano.a(lib_a-fseek.o)
                              c:/app/stm32/stm32cubeide_1.11.2/stm32cubeide/plugins/com.st.stm32cube.ide.mcu.externaltools.gnu-tools-for-stm32.10.3-2021.10.win32_1.0.100.202210260954/tools/bin/../lib/gcc/arm-none-eabi/10.3.1/../../../../arm-none-eabi/lib/thumb/v7e-m+fp/hard\libc_nano.a(lib_a-fopen.o) (_fseek_r)
c:/app/stm32/stm32cubeide_1.11.2/stm32cubeide/plugins/com.st.stm32cube.ide.mcu.externaltools.gnu-tools-for-stm32.10.3-2021.10.win32_1.0.100.202210260954/tools/bin/../lib/gcc/arm-none-eabi/10.3.1/../../../../arm-none-eabi/lib/thumb/v7e-m+fp/hard\libc_nano.a(lib_a-fseeko.o)
                              c:/app/stm32/stm32cubeide_1.11.2/stm32cubeide/plugins/com.st.stm32cube.ide.mcu.externaltools.gnu-tools-for-stm32.10.3-2021.10.win32_1.0.100.202210260954/tools/bin/../lib/gcc/arm-none-eabi/10.3.1/../../../../arm-none-eabi/lib/thumb/v7e-m+fp/hard\libc_nano.a(lib_a-fseek.o) (_fseeko_r)
c:/app/stm32/stm32cubeide_1.11.2/stm32cubeide/plugins/com.st.stm32cube.ide.mcu.externaltools.gnu-tools-for-stm32.10.3-2021.10.win32_1.0.100.202210260954/tools/bin/../lib/gcc/arm-none-eabi/10.3.1/../../../../arm-none-eabi/lib/thumb/v7e-m+fp/hard\libc_nano.a(lib_a-fwalk.o)
                              c:/app/stm32/stm32cubeide_1.11.2/stm32cubeide/plugins/com.st.stm32cube.ide.mcu.externaltools.gnu-tools-for-stm32.10.3-2021.10.win32_1.0.100.202210260954/tools/bin/../lib/gcc/arm-none-eabi/10.3.1/../../../../arm-none-eabi/lib/thumb/v7e-m+fp/hard\libc_nano.a(lib_a-findfp.o) (_fwalk)
[...]
Memory Configuration

Name             Origin             Length             Attributes
RAM              0x0000000020000000 0x0000000000018000 xrw
RAM2             0x0000000010000000 0x0000000000008000 xrw
FLASH            0x0000000008000000 0x0000000000100000 xr
*default*        0x0000000000000000 0xffffffffffffffff

Linker script and memory map

LOAD c:/app/stm32/stm32cubeide_1.11.2/stm32cubeide/plugins/com.st.stm32cube.ide.mcu.externaltools.gnu-tools-for-stm32.10.3-2021.10.win32_1.0.100.202210260954/tools/bin/../lib/gcc/arm-none-eabi/10.3.1/thumb/v7e-m+fp/hard/crti.o
LOAD c:/app/stm32/stm32cubeide_1.11.2/stm32cubeide/plugins/com.st.stm32cube.ide.mcu.externaltools.gnu-tools-for-stm32.10.3-2021.10.win32_1.0.100.202210260954/tools/bin/../lib/gcc/arm-none-eabi/10.3.1/thumb/v7e-m+fp/hard/crtbegin.o
LOAD c:/app/stm32/stm32cubeide_1.11.2/stm32cubeide/plugins/com.st.stm32cube.ide.mcu.externaltools.gnu-tools-for-stm32.10.3-2021.10.win32_1.0.100.202210260954/tools/bin/../lib/gcc/arm-none-eabi/10.3.1/../../../../arm-none-eabi/lib/thumb/v7e-m+fp/hard/crt0.o
LOAD ./Core/Src/dht11.o
LOAD ./Core/Src/dma.o
LOAD ./Core/Src/gpio.o
LOAD ./Core/Src/lcd.o
LOAD ./Core/Src/main.o
LOAD ./Core/Src/spi.o
LOAD ./Core/Src/stm32l4xx_hal_msp.o
LOAD ./Core/Src/stm32l4xx_it.o
LOAD ./Core/Src/syscalls.o
LOAD ./Core/Src/sysmem.o
LOAD ./Core/Src/system_stm32l4xx.o
LOAD ./Core/Src/tim.o
LOAD ./Core/Src/usart.o
LOAD ./Core/Startup/startup_stm32l476rgtx.o
LOAD ./Drivers/STM32L4xx_HAL_Driver/Src/stm32l4xx_hal.o
LOAD ./Drivers/STM32L4xx_HAL_Driver/Src/stm32l4xx_hal_cortex.o
LOAD ./Drivers/STM32L4xx_HAL_Driver/Src/stm32l4xx_hal_dma.o
LOAD ./Drivers/STM32L4xx_HAL_Driver/Src/stm32l4xx_hal_dma_ex.o
LOAD ./Drivers/STM32L4xx_HAL_Driver/Src/stm32l4xx_hal_exti.o
LOAD ./Drivers/STM32L4xx_HAL_Driver/Src/stm32l4xx_hal_flash.o
LOAD ./Drivers/STM32L4xx_HAL_Driver/Src/stm32l4xx_hal_flash_ex.o
LOAD ./Drivers/STM32L4xx_HAL_Driver/Src/stm32l4xx_hal_flash_ramfunc.o
LOAD ./Drivers/STM32L4xx_HAL_Driver/Src/stm32l4xx_hal_gpio.o
LOAD ./Drivers/STM32L4xx_HAL_Driver/Src/stm32l4xx_hal_i2c.o
LOAD ./Drivers/STM32L4xx_HAL_Driver/Src/stm32l4xx_hal_i2c_ex.o
LOAD ./Drivers/STM32L4xx_HAL_Driver/Src/stm32l4xx_hal_pwr.o
LOAD ./Drivers/STM32L4xx_HAL_Driver/Src/stm32l4xx_hal_pwr_ex.o
LOAD ./Drivers/STM32L4xx_HAL_Driver/Src/stm32l4xx_hal_rcc.o
LOAD ./Drivers/STM32L4xx_HAL_Driver/Src/stm32l4xx_hal_rcc_ex.o
LOAD ./Drivers/STM32L4xx_HAL_Driver/Src/stm32l4xx_hal_spi.o
LOAD ./Drivers/STM32L4xx_HAL_Driver/Src/stm32l4xx_hal_spi_ex.o
LOAD ./Drivers/STM32L4xx_HAL_Driver/Src/stm32l4xx_hal_tim.o
LOAD ./Drivers/STM32L4xx_HAL_Driver/Src/stm32l4xx_hal_tim_ex.o
LOAD ./Drivers/STM32L4xx_HAL_Driver/Src/stm32l4xx_hal_uart.o
LOAD ./Drivers/STM32L4xx_HAL_Driver/Src/stm32l4xx_hal_uart_ex.o
LOAD ./hagl/src/bitmap.o
LOAD ./hagl/src/clip.o
LOAD ./hagl/src/fontx.o
LOAD ./hagl/src/hagl.o
LOAD ./hagl/src/hsl.o
LOAD ./hagl/src/rgb565.o
LOAD ./hagl/src/rgb888.o
LOAD ./hagl/src/tjpgd.o
START GROUP
LOAD c:/app/stm32/stm32cubeide_1.11.2/stm32cubeide/plugins/com.st.stm32cube.ide.mcu.externaltools.gnu-tools-for-stm32.10.3-2021.10.win32_1.0.100.202210260954/tools/bin/../lib/gcc/arm-none-eabi/10.3.1/../../../../arm-none-eabi/lib/thumb/v7e-m+fp/hard\libc_nano.a
LOAD c:/app/stm32/stm32cubeide_1.11.2/stm32cubeide/plugins/com.st.stm32cube.ide.mcu.externaltools.gnu-tools-for-stm32.10.3-2021.10.win32_1.0.100.202210260954/tools/bin/../lib/gcc/arm-none-eabi/10.3.1/../../../../arm-none-eabi/lib/thumb/v7e-m+fp/hard\libm.a
END GROUP
START GROUP
LOAD c:/app/stm32/stm32cubeide_1.11.2/stm32cubeide/plugins/com.st.stm32cube.ide.mcu.externaltools.gnu-tools-for-stm32.10.3-2021.10.win32_1.0.100.202210260954/tools/bin/../lib/gcc/arm-none-eabi/10.3.1/thumb/v7e-m+fp/hard\libgcc.a
LOAD c:/app/stm32/stm32cubeide_1.11.2/stm32cubeide/plugins/com.st.stm32cube.ide.mcu.externaltools.gnu-tools-for-stm32.10.3-2021.10.win32_1.0.100.202210260954/tools/bin/../lib/gcc/arm-none-eabi/10.3.1/../../../../arm-none-eabi/lib/thumb/v7e-m+fp/hard\libc_nano.a
END GROUP
START GROUP
LOAD c:/app/stm32/stm32cubeide_1.11.2/stm32cubeide/plugins/com.st.stm32cube.ide.mcu.externaltools.gnu-tools-for-stm32.10.3-2021.10.win32_1.0.100.202210260954/tools/bin/../lib/gcc/arm-none-eabi/10.3.1/thumb/v7e-m+fp/hard\libgcc.a
LOAD c:/app/stm32/stm32cubeide_1.11.2/stm32cubeide/plugins/com.st.stm32cube.ide.mcu.externaltools.gnu-tools-for-stm32.10.3-2021.10.win32_1.0.100.202210260954/tools/bin/../lib/gcc/arm-none-eabi/10.3.1/../../../../arm-none-eabi/lib/thumb/v7e-m+fp/hard\libc_nano.a
LOAD c:/app/stm32/stm32cubeide_1.11.2/stm32cubeide/plugins/com.st.stm32cube.ide.mcu.externaltools.gnu-tools-for-stm32.10.3-2021.10.win32_1.0.100.202210260954/tools/bin/../lib/gcc/arm-none-eabi/10.3.1/../../../../arm-none-eabi/lib/thumb/v7e-m+fp/hard\libnosys.a
END GROUP
START GROUP
LOAD c:/app/stm32/stm32cubeide_1.11.2/stm32cubeide/plugins/com.st.stm32cube.ide.mcu.externaltools.gnu-tools-for-stm32.10.3-2021.10.win32_1.0.100.202210260954/tools/bin/../lib/gcc/arm-none-eabi/10.3.1/thumb/v7e-m+fp/hard\libgcc.a
LOAD c:/app/stm32/stm32cubeide_1.11.2/stm32cubeide/plugins/com.st.stm32cube.ide.mcu.externaltools.gnu-tools-for-stm32.10.3-2021.10.win32_1.0.100.202210260954/tools/bin/../lib/gcc/arm-none-eabi/10.3.1/../../../../arm-none-eabi/lib/thumb/v7e-m+fp/hard\libc_nano.a
LOAD c:/app/stm32/stm32cubeide_1.11.2/stm32cubeide/plugins/com.st.stm32cube.ide.mcu.externaltools.gnu-tools-for-stm32.10.3-2021.10.win32_1.0.100.202210260954/tools/bin/../lib/gcc/arm-none-eabi/10.3.1/../../../../arm-none-eabi/lib/thumb/v7e-m+fp/hard\libnosys.a
END GROUP
LOAD c:/app/stm32/stm32cubeide_1.11.2/stm32cubeide/plugins/com.st.stm32cube.ide.mcu.externaltools.gnu-tools-for-stm32.10.3-2021.10.win32_1.0.100.202210260954/tools/bin/../lib/gcc/arm-none-eabi/10.3.1/thumb/v7e-m+fp/hard/crtend.o
LOAD c:/app/stm32/stm32cubeide_1.11.2/stm32cubeide/plugins/com.st.stm32cube.ide.mcu.externaltools.gnu-tools-for-stm32.10.3-2021.10.win32_1.0.100.202210260954/tools/bin/../lib/gcc/arm-none-eabi/10.3.1/thumb/v7e-m+fp/hard/crtn.o
                0x0000000020018000                _estack = (ORIGIN (RAM) + LENGTH (RAM))
                0x0000000000000200                _Min_Heap_Size = 0x200
                0x0000000000000400                _Min_Stack_Size = 0x400

.isr_vector     0x0000000008000000      0x188
                0x0000000008000000                . = ALIGN (0x4)
 *(.isr_vector)
 .isr_vector    0x0000000008000000      0x188 ./Core/Startup/startup_stm32l476rgtx.o
                0x0000000008000000                g_pfnVectors
                0x0000000008000188                . = ALIGN (0x4)

.text           0x0000000008000190     0x4d1c
                0x0000000008000190                . = ALIGN (0x4)
 *(.text)
 .text          0x0000000008000190       0x40 c:/app/stm32/stm32cubeide_1.11.2/stm32cubeide/plugins/com.st.stm32cube.ide.mcu.externaltools.gnu-tools-for-stm32.10.3-2021.10.win32_1.0.100.202210260954/tools/bin/../lib/gcc/arm-none-eabi/10.3.1/thumb/v7e-m+fp/hard/crtbegin.o
 .text          0x00000000080001d0       0xa0 c:/app/stm32/stm32cubeide_1.11.2/stm32cubeide/plugins/com.st.stm32cube.ide.mcu.externaltools.gnu-tools-for-stm32.10.3-2021.10.win32_1.0.100.202210260954/tools/bin/../lib/gcc/arm-none-eabi/10.3.1/../../../../arm-none-eabi/lib/thumb/v7e-m+fp/hard\libc_nano.a(lib_a-memchr.o)
                0x00000000080001d0                memchr
 .text          0x0000000008000270       0x30 c:/app/stm32/stm32cubeide_1.11.2/stm32cubeide/plugins/com.st.stm32cube.ide.mcu.externaltools.gnu-tools-for-stm32.10.3-2021.10.win32_1.0.100.202210260954/tools/bin/../lib/gcc/arm-none-eabi/10.3.1/thumb/v7e-m+fp/hard\libgcc.a(_aeabi_uldivmod.o)
                0x0000000008000270                __aeabi_uldivmod
 .text          0x00000000080002a0      0x2d0 c:/app/stm32/stm32cubeide_1.11.2/stm32cubeide/plugins/com.st.stm32cube.ide.mcu.externaltools.gnu-tools-for-stm32.10.3-2021.10.win32_1.0.100.202210260954/tools/bin/../lib/gcc/arm-none-eabi/10.3.1/thumb/v7e-m+fp/hard\libgcc.a(_udivmoddi4.o)
                0x00000000080002a0                __udivmoddi4
 .text          0x0000000008000570        0x4 c:/app/stm32/stm32cubeide_1.11.2/stm32cubeide/plugins/com.st.stm32cube.ide.mcu.externaltools.gnu-tools-for-stm32.10.3-2021.10.win32_1.0.100.202210260954/tools/bin/../lib/gcc/arm-none-eabi/10.3.1/thumb/v7e-m+fp/hard\libgcc.a(_dvmd_tls.o)
                0x0000000008000570                __aeabi_idiv0
                0x0000000008000570                __aeabi_ldiv0
 *(.text*)
 .text.dht11_init
                0x0000000008000574       0x30 ./Core/Src/dht11.o
                0x0000000008000574                dht11_init
 .text.delay_us
                0x00000000080005a4       0x38 ./Core/Src/dht11.o
 .text.start_signal
                0x00000000080005dc       0x38 ./Core/Src/dht11.o
 .text.start_measurment
                0x0000000008000614       0x18 ./Core/Src/dht11.o
 .text.read_bit
                0x000000000800062c       0x48 ./Core/Src/dht11.o
 .text.dht11_read_data
                0x0000000008000674       0x48 ./Core/Src/dht11.o
                0x0000000008000674                dht11_read_data
 .text.dht11_get_temperature
                0x00000000080006bc       0x44 ./Core/Src/dht11.o
                0x00000000080006bc                dht11_get_temperature
 .text.dht11_get_humidity
                0x0000000008000700       0x44 ./Core/Src/dht11.o
                0x0000000008000700                dht11_get_humidity
 .text.MX_DMA_Init
                0x0000000008000744       0x3c ./Core/Src/dma.o
                0x0000000008000744                MX_DMA_Init
 .text.MX_GPIO_Init
                0x0000000008000780       0xd0 ./Core/Src/gpio.o
                0x0000000008000780                MX_GPIO_Init
 .text.__io_putchar
                0x0000000008000850       0x30 ./Core/Src/main.o
                0x0000000008000850                __io_putchar
 .text.main     0x0000000008000880       0x60 ./Core/Src/main.o
                0x0000000008000880                main
 .text.SystemClock_Config
                0x00000000080008e0       0xa4 ./Core/Src/main.o
                0x00000000080008e0                SystemClock_Config
 .text.Error_Handler
                0x0000000008000984        0xa ./Core/Src/main.o
                0x0000000008000984                Error_Handler
 *fill*         0x000000000800098e        0x2 
 .text.MX_SPI2_Init
                0x0000000008000990       0x7c ./Core/Src/spi.o
                0x0000000008000990                MX_SPI2_Init
 .text.HAL_SPI_MspInit
                0x0000000008000a0c      0x120 ./Core/Src/spi.o
                0x0000000008000a0c                HAL_SPI_MspInit
 .text.HAL_MspInit
                0x0000000008000b2c       0x48 ./Core/Src/stm32l4xx_hal_msp.o
                0x0000000008000b2c                HAL_MspInit
 .text.NMI_Handler
                0x0000000008000b74        0x6 ./Core/Src/stm32l4xx_it.o
                0x0000000008000b74                NMI_Handler
 .text.HardFault_Handler
                0x0000000008000b7a        0x6 ./Core/Src/stm32l4xx_it.o
                0x0000000008000b7a                HardFault_Handler
 .text.MemManage_Handler
                0x0000000008000b80        0x6 ./Core/Src/stm32l4xx_it.o
                0x0000000008000b80                MemManage_Handler
 .text.BusFault_Handler
                0x0000000008000b86        0x6 ./Core/Src/stm32l4xx_it.o
                0x0000000008000b86                BusFault_Handler
 .text.UsageFault_Handler
                0x0000000008000b8c        0x6 ./Core/Src/stm32l4xx_it.o
                0x0000000008000b8c                UsageFault_Handler
 .text.SVC_Handler
                0x0000000008000b92        0xe ./Core/Src/stm32l4xx_it.o
                0x0000000008000b92                SVC_Handler
 .text.DebugMon_Handler
                0x0000000008000ba0        0xe ./Core/Src/stm32l4xx_it.o
                0x0000000008000ba0                DebugMon_Handler
 .text.PendSV_Handler
                0x0000000008000bae        0xe ./Core/Src/stm32l4xx_it.o
                0x0000000008000bae                PendSV_Handler
 .text.SysTick_Handler
                0x0000000008000bbc        0xc ./Core/Src/stm32l4xx_it.o
                0x0000000008000bbc                SysTick_Handler
 .text.DMA1_Channel5_IRQHandler
                0x0000000008000bc8       0x14 ./Core/Src/stm32l4xx_it.o
                0x0000000008000bc8                DMA1_Channel5_IRQHandler
 .text._read    0x0000000008000bdc       0x3a ./Core/Src/syscalls.o
                0x0000000008000bdc                _read
 .text._write   0x0000000008000c16       0x38 ./Core/Src/syscalls.o
                0x0000000008000c16                _write
 .text._close   0x0000000008000c4e       0x18 ./Core/Src/syscalls.o
                0x0000000008000c4e                _close
 .text._fstat   0x0000000008000c66       0x20 ./Core/Src/syscalls.o
                0x0000000008000c66                _fstat
 .text._isatty  0x0000000008000c86       0x16 ./Core/Src/syscalls.o
                0x0000000008000c86                _isatty
 .text._lseek   0x0000000008000c9c       0x1a ./Core/Src/syscalls.o
                0x0000000008000c9c                _lseek
 *fill*         0x0000000008000cb6        0x2 
 .text._sbrk    0x0000000008000cb8       0x6c ./Core/Src/sysmem.o
                0x0000000008000cb8                _sbrk
 .text.SystemInit
                0x0000000008000d24       0x24 ./Core/Src/system_stm32l4xx.o
                0x0000000008000d24                SystemInit
 .text.MX_TIM6_Init
                0x0000000008000d48       0x6c ./Core/Src/tim.o
                0x0000000008000d48                MX_TIM6_Init
 .text.HAL_TIM_Base_MspInit
                0x0000000008000db4       0x40 ./Core/Src/tim.o
                0x0000000008000db4                HAL_TIM_Base_MspInit
 .text.MX_USART2_UART_Init
                0x0000000008000df4       0x60 ./Core/Src/usart.o
                0x0000000008000df4                MX_USART2_UART_Init
 .text.HAL_UART_MspInit
                0x0000000008000e54       0xb8 ./Core/Src/usart.o
                0x0000000008000e54                HAL_UART_MspInit
 .text.Reset_Handler
                0x0000000008000f0c       0x50 ./Core/Startup/startup_stm32l476rgtx.o
                0x0000000008000f0c                Reset_Handler
 .text.Default_Handler
                0x0000000008000f5c        0x2 ./Core/Startup/startup_stm32l476rgtx.o
                0x0000000008000f5c                RTC_Alarm_IRQHandler
                0x0000000008000f5c                EXTI2_IRQHandler
                0x0000000008000f5c                TIM8_TRG_COM_IRQHandler
                0x0000000008000f5c                TIM8_CC_IRQHandler
                0x0000000008000f5c                TIM1_CC_IRQHandler
                0x0000000008000f5c                TSC_IRQHandler
                0x0000000008000f5c                TAMP_STAMP_IRQHandler
                0x0000000008000f5c                EXTI3_IRQHandler
                0x0000000008000f5c                LPTIM2_IRQHandler
                0x0000000008000f5c                DFSDM1_FLT1_IRQHandler
                0x0000000008000f5c                I2C3_ER_IRQHandler
                0x0000000008000f5c                DFSDM1_FLT2_IRQHandler
                0x0000000008000f5c                EXTI0_IRQHandler
                0x0000000008000f5c                I2C2_EV_IRQHandler
                0x0000000008000f5c                CAN1_RX0_IRQHandler
                0x0000000008000f5c                FPU_IRQHandler
                0x0000000008000f5c                TIM1_UP_TIM16_IRQHandler
                0x0000000008000f5c                ADC1_2_IRQHandler
                0x0000000008000f5c                SPI1_IRQHandler
                0x0000000008000f5c                TIM6_DAC_IRQHandler
                0x0000000008000f5c                TIM8_UP_IRQHandler
                0x0000000008000f5c                DMA2_Channel2_IRQHandler
                0x0000000008000f5c                DMA1_Channel4_IRQHandler
                0x0000000008000f5c                SAI2_IRQHandler
                0x0000000008000f5c                DFSDM1_FLT3_IRQHandler
                0x0000000008000f5c                USART3_IRQHandler
                0x0000000008000f5c                DMA1_Channel7_IRQHandler
                0x0000000008000f5c                CAN1_RX1_IRQHandler
                0x0000000008000f5c                LCD_IRQHandler
                0x0000000008000f5c                UART5_IRQHandler
                0x0000000008000f5c                ADC3_IRQHandler
                0x0000000008000f5c                TIM4_IRQHandler
                0x0000000008000f5c                DMA2_Channel1_IRQHandler
                0x0000000008000f5c                QUADSPI_IRQHandler
                0x0000000008000f5c                I2C1_EV_IRQHandler
                0x0000000008000f5c                DMA1_Channel6_IRQHandler
                0x0000000008000f5c                UART4_IRQHandler
                0x0000000008000f5c                DMA2_Channel4_IRQHandler
                0x0000000008000f5c                TIM3_IRQHandler
                0x0000000008000f5c                RCC_IRQHandler
                0x0000000008000f5c                DMA1_Channel1_IRQHandler
                0x0000000008000f5c                Default_Handler
                0x0000000008000f5c                DMA2_Channel7_IRQHandler
                0x0000000008000f5c                EXTI15_10_IRQHandler
                0x0000000008000f5c                TIM7_IRQHandler
                0x0000000008000f5c                SDMMC1_IRQHandler
                0x0000000008000f5c                TIM5_IRQHandler
                0x0000000008000f5c                I2C3_EV_IRQHandler
                0x0000000008000f5c                EXTI9_5_IRQHandler
                0x0000000008000f5c                RTC_WKUP_IRQHandler
                0x0000000008000f5c                PVD_PVM_IRQHandler
                0x0000000008000f5c                SPI2_IRQHandler
                0x0000000008000f5c                CAN1_TX_IRQHandler
                0x0000000008000f5c                DMA2_Channel5_IRQHandler
                0x0000000008000f5c                EXTI4_IRQHandler
                0x0000000008000f5c                RNG_IRQHandler
                0x0000000008000f5c                TIM1_TRG_COM_TIM17_IRQHandler
                0x0000000008000f5c                DMA1_Channel3_IRQHandler
                0x0000000008000f5c                COMP_IRQHandler
                0x0000000008000f5c                WWDG_IRQHandler
                0x0000000008000f5c                LPUART1_IRQHandler
                0x0000000008000f5c                DMA2_Channel6_IRQHandler
                0x0000000008000f5c                TIM2_IRQHandler
                0x0000000008000f5c                EXTI1_IRQHandler
                0x0000000008000f5c                USART2_IRQHandler
                0x0000000008000f5c                DFSDM1_FLT0_IRQHandler
                0x0000000008000f5c                I2C2_ER_IRQHandler
                0x0000000008000f5c                DMA1_Channel2_IRQHandler
                0x0000000008000f5c                TIM8_BRK_IRQHandler
                0x0000000008000f5c                CAN1_SCE_IRQHandler
                0x0000000008000f5c                FLASH_IRQHandler
                0x0000000008000f5c                USART1_IRQHandler
                0x0000000008000f5c                OTG_FS_IRQHandler
                0x0000000008000f5c                SPI3_IRQHandler
                0x0000000008000f5c                I2C1_ER_IRQHandler
                0x0000000008000f5c                FMC_IRQHandler
                0x0000000008000f5c                SWPMI1_IRQHandler
                0x0000000008000f5c                LPTIM1_IRQHandler
                0x0000000008000f5c                SAI1_IRQHandler
                0x0000000008000f5c                DMA2_Channel3_IRQHandler
                0x0000000008000f5c                TIM1_BRK_TIM15_IRQHandler
 .text.HAL_Init
                0x0000000008000f5e       0x30 ./Drivers/STM32L4xx_HAL_Driver/Src/stm32l4xx_hal.o
                0x0000000008000f5e                HAL_Init
 *fill*         0x0000000008000f8e        0x2 
 .text.HAL_InitTick
                0x0000000008000f90       0x78 ./Drivers/STM32L4xx_HAL_Driver/Src/stm32l4xx_hal.o
                0x0000000008000f90                HAL_InitTick
 .text.HAL_IncTick
                0x0000000008001008       0x28 ./Drivers/STM32L4xx_HAL_Driver/Src/stm32l4xx_hal.o
                0x0000000008001008                HAL_IncTick
 .text.HAL_GetTick
                0x0000000008001030       0x18 ./Drivers/STM32L4xx_HAL_Driver/Src/stm32l4xx_hal.o
                0x0000000008001030                HAL_GetTick
 .text.HAL_Delay
                0x0000000008001048       0x48 ./Drivers/STM32L4xx_HAL_Driver/Src/stm32l4xx_hal.o
                0x0000000008001048                HAL_Delay
 .text.__NVIC_SetPriorityGrouping
                0x0000000008001090       0x48 ./Drivers/STM32L4xx_HAL_Driver/Src/stm32l4xx_hal_cortex.o
 .text.__NVIC_GetPriorityGrouping
                0x00000000080010d8       0x1c ./Drivers/STM32L4xx_HAL_Driver/Src/stm32l4xx_hal_cortex.o
 .text.__NVIC_EnableIRQ
                0x00000000080010f4       0x3c ./Drivers/STM32L4xx_HAL_Driver/Src/stm32l4xx_hal_cortex.o
 .text.__NVIC_SetPriority
                0x0000000008001130       0x54 ./Drivers/STM32L4xx_HAL_Driver/Src/stm32l4xx_hal_cortex.o
 .text.NVIC_EncodePriority
                0x0000000008001184       0x66 ./Drivers/STM32L4xx_HAL_Driver/Src/stm32l4xx_hal_cortex.o
 *fill*         0x00000000080011ea        0x2 
 .text.SysTick_Config
                0x00000000080011ec       0x44 ./Drivers/STM32L4xx_HAL_Driver/Src/stm32l4xx_hal_cortex.o
 .text.HAL_NVIC_SetPriorityGrouping
                0x0000000008001230       0x16 ./Drivers/STM32L4xx_HAL_Driver/Src/stm32l4xx_hal_cortex.o
                0x0000000008001230                HAL_NVIC_SetPriorityGrouping
 .text.HAL_NVIC_SetPriority
                0x0000000008001246       0x38 ./Drivers/STM32L4xx_HAL_Driver/Src/stm32l4xx_hal_cortex.o
                0x0000000008001246                HAL_NVIC_SetPriority
 .text.HAL_NVIC_EnableIRQ
                0x000000000800127e       0x1c ./Drivers/STM32L4xx_HAL_Driver/Src/stm32l4xx_hal_cortex.o
                0x000000000800127e                HAL_NVIC_EnableIRQ
 .text.HAL_SYSTICK_Config
                0x000000000800129a       0x18 ./Drivers/STM32L4xx_HAL_Driver/Src/stm32l4xx_hal_cortex.o
                0x000000000800129a                HAL_SYSTICK_Config
 *fill*         0x00000000080012b2        0x2 
 .text.HAL_DMA_Init
                0x00000000080012b4      0x170 ./Drivers/STM32L4xx_HAL_Driver/Src/stm32l4xx_hal_dma.o
                0x00000000080012b4                HAL_DMA_Init
 .text.HAL_DMA_IRQHandler
                0x0000000008001424      0x15e ./Drivers/STM32L4xx_HAL_Driver/Src/stm32l4xx_hal_dma.o
                0x0000000008001424                HAL_DMA_IRQHandler
 *fill*         0x0000000008001582        0x2 
 .text.HAL_GPIO_Init
                0x0000000008001584      0x354 ./Drivers/STM32L4xx_HAL_Driver/Src/stm32l4xx_hal_gpio.o
                0x0000000008001584                HAL_GPIO_Init
 .text.HAL_GPIO_ReadPin
                0x00000000080018d8       0x30 ./Drivers/STM32L4xx_HAL_Driver/Src/stm32l4xx_hal_gpio.o
                0x00000000080018d8                HAL_GPIO_ReadPin
 .text.HAL_GPIO_WritePin
                0x0000000008001908       0x30 ./Drivers/STM32L4xx_HAL_Driver/Src/stm32l4xx_hal_gpio.o
                0x0000000008001908                HAL_GPIO_WritePin
 .text.HAL_PWREx_GetVoltageRange
                0x0000000008001938       0x1c ./Drivers/STM32L4xx_HAL_Driver/Src/stm32l4xx_hal_pwr_ex.o
                0x0000000008001938                HAL_PWREx_GetVoltageRange
 .text.HAL_PWREx_ControlVoltageScaling
                0x0000000008001954       0xac ./Drivers/STM32L4xx_HAL_Driver/Src/stm32l4xx_hal_pwr_ex.o
                0x0000000008001954                HAL_PWREx_ControlVoltageScaling
 .text.HAL_RCC_OscConfig
                0x0000000008001a00      0x7b8 ./Drivers/STM32L4xx_HAL_Driver/Src/stm32l4xx_hal_rcc.o
                0x0000000008001a00                HAL_RCC_OscConfig
 .text.HAL_RCC_ClockConfig
                0x00000000080021b8      0x200 ./Drivers/STM32L4xx_HAL_Driver/Src/stm32l4xx_hal_rcc.o
                0x00000000080021b8                HAL_RCC_ClockConfig
 .text.HAL_RCC_GetSysClockFreq
                0x00000000080023b8      0x118 ./Drivers/STM32L4xx_HAL_Driver/Src/stm32l4xx_hal_rcc.o
                0x00000000080023b8                HAL_RCC_GetSysClockFreq
 .text.HAL_RCC_GetHCLKFreq
                0x00000000080024d0       0x18 ./Drivers/STM32L4xx_HAL_Driver/Src/stm32l4xx_hal_rcc.o
                0x00000000080024d0                HAL_RCC_GetHCLKFreq
 .text.HAL_RCC_GetPCLK1Freq
                0x00000000080024e8       0x2c ./Drivers/STM32L4xx_HAL_Driver/Src/stm32l4xx_hal_rcc.o
                0x00000000080024e8                HAL_RCC_GetPCLK1Freq
 .text.HAL_RCC_GetPCLK2Freq
                0x0000000008002514       0x2c ./Drivers/STM32L4xx_HAL_Driver/Src/stm32l4xx_hal_rcc.o
                0x0000000008002514                HAL_RCC_GetPCLK2Freq
 .text.RCC_SetFlashLatencyFromMSIRange
                0x0000000008002540       0xc0 ./Drivers/STM32L4xx_HAL_Driver/Src/stm32l4xx_hal_rcc.o
 .text.HAL_RCCEx_PeriphCLKConfig
                0x0000000008002600      0x5d4 ./Drivers/STM32L4xx_HAL_Driver/Src/stm32l4xx_hal_rcc_ex.o
                0x0000000008002600                HAL_RCCEx_PeriphCLKConfig
 .text.RCCEx_PLLSAI1_Config
                0x0000000008002bd4      0x1e8 ./Drivers/STM32L4xx_HAL_Driver/Src/stm32l4xx_hal_rcc_ex.o
 .text.RCCEx_PLLSAI2_Config
                0x0000000008002dbc      0x1bc ./Drivers/STM32L4xx_HAL_Driver/Src/stm32l4xx_hal_rcc_ex.o
 .text.HAL_SPI_Init
                0x0000000008002f78      0x146 ./Drivers/STM32L4xx_HAL_Driver/Src/stm32l4xx_hal_spi.o
                0x0000000008002f78                HAL_SPI_Init
 .text.HAL_TIM_Base_Init
                0x00000000080030be       0xae ./Drivers/STM32L4xx_HAL_Driver/Src/stm32l4xx_hal_tim.o
                0x00000000080030be                HAL_TIM_Base_Init
 .text.HAL_TIM_Base_Start
                0x000000000800316c       0xd0 ./Drivers/STM32L4xx_HAL_Driver/Src/stm32l4xx_hal_tim.o
                0x000000000800316c                HAL_TIM_Base_Start
 .text.TIM_Base_SetConfig
                0x000000000800323c      0x134 ./Drivers/STM32L4xx_HAL_Driver/Src/stm32l4xx_hal_tim.o
                0x000000000800323c                TIM_Base_SetConfig
 .text.HAL_TIMEx_MasterConfigSynchronization
                0x0000000008003370      0x110 ./Drivers/STM32L4xx_HAL_Driver/Src/stm32l4xx_hal_tim_ex.o
                0x0000000008003370                HAL_TIMEx_MasterConfigSynchronization
 .text.HAL_UART_Init
                0x0000000008003480       0x9c ./Drivers/STM32L4xx_HAL_Driver/Src/stm32l4xx_hal_uart.o
                0x0000000008003480                HAL_UART_Init
 .text.HAL_UART_Transmit
                0x000000000800351c      0x128 ./Drivers/STM32L4xx_HAL_Driver/Src/stm32l4xx_hal_uart.o
                0x000000000800351c                HAL_UART_Transmit
 .text.UART_SetConfig
                0x0000000008003644      0x570 ./Drivers/STM32L4xx_HAL_Driver/Src/stm32l4xx_hal_uart.o
                0x0000000008003644                UART_SetConfig
 .text.UART_AdvFeatureConfig
                0x0000000008003bb4      0x144 ./Drivers/STM32L4xx_HAL_Driver/Src/stm32l4xx_hal_uart.o
                0x0000000008003bb4                UART_AdvFeatureConfig
 .text.UART_CheckIdleState
                0x0000000008003cf8       0x92 ./Drivers/STM32L4xx_HAL_Driver/Src/stm32l4xx_hal_uart.o
                0x0000000008003cf8                UART_CheckIdleState
 .text.UART_WaitOnFlagUntilTimeout
                0x0000000008003d8a      0x188 ./Drivers/STM32L4xx_HAL_Driver/Src/stm32l4xx_hal_uart.o
                0x0000000008003d8a                UART_WaitOnFlagUntilTimeout
 *fill*         0x0000000008003f12        0x2 
 .text.__errno  0x0000000008003f14        0xc c:/app/stm32/stm32cubeide_1.11.2/stm32cubeide/plugins/com.st.stm32cube.ide.mcu.externaltools.gnu-tools-for-stm32.10.3-2021.10.win32_1.0.100.202210260954/tools/bin/../lib/gcc/arm-none-eabi/10.3.1/../../../../arm-none-eabi/lib/thumb/v7e-m+fp/hard\libc_nano.a(lib_a-errno.o)
                0x0000000008003f14                __errno
 .text.__sflush_r
                0x0000000008003f20      0x10c c:/app/stm32/stm32cubeide_1.11.2/stm32cubeide/plugins/com.st.stm32cube.ide.mcu.externaltools.gnu-tools-for-stm32.10.3-2021.10.win32_1.0.100.202210260954/tools/bin/../lib/gcc/arm-none-eabi/10.3.1/../../../../arm-none-eabi/lib/thumb/v7e-m+fp/hard\libc_nano.a(lib_a-fflush.o)
                0x0000000008003f20                __sflush_r
 .text._fflush_r
                0x000000000800402c       0x78 c:/app/stm32/stm32cubeide_1.11.2/stm32cubeide/plugins/com.st.stm32cube.ide.mcu.externaltools.gnu-tools-for-stm32.10.3-2021.10.win32_1.0.100.202210260954/tools/bin/../lib/gcc/arm-none-eabi/10.3.1/../../../../arm-none-eabi/lib/thumb/v7e-m+fp/hard\libc_nano.a(lib_a-fflush.o)
                0x000000000800402c                _fflush_r
 .text.std      0x00000000080040a4       0x48 c:/app/stm32/stm32cubeide_1.11.2/stm32cubeide/plugins/com.st.stm32cube.ide.mcu.externaltools.gnu-tools-for-stm32.10.3-2021.10.win32_1.0.100.202210260954/tools/bin/../lib/gcc/arm-none-eabi/10.3.1/../../../../arm-none-eabi/lib/thumb/v7e-m+fp/hard\libc_nano.a(lib_a-findfp.o)
 .text._cleanup_r
                0x00000000080040ec        0xc c:/app/stm32/stm32cubeide_1.11.2/stm32cubeide/plugins/com.st.stm32cube.ide.mcu.externaltools.gnu-tools-for-stm32.10.3-2021.10.win32_1.0.100.202210260954/tools/bin/../lib/gcc/arm-none-eabi/10.3.1/../../../../arm-none-eabi/lib/thumb/v7e-m+fp/hard\libc_nano.a(lib_a-findfp.o)
                0x00000000080040ec                _cleanup_r
 .text.__sfmoreglue
                0x00000000080040f8       0x2c c:/app/stm32/stm32cubeide_1.11.2/stm32cubeide/plugins/com.st.stm32cube.ide.mcu.externaltools.gnu-tools-for-stm32.10.3-2021.10.win32_1.0.100.202210260954/tools/bin/../lib/gcc/arm-none-eabi/10.3.1/../../../../arm-none-eabi/lib/thumb/v7e-m+fp/hard\libc_nano.a(lib_a-findfp.o)
                0x00000000080040f8                __sfmoreglue
 .text.__sfp_lock_acquire
                0x0000000008004124        0xc c:/app/stm32/stm32cubeide_1.11.2/stm32cubeide/plugins/com.st.stm32cube.ide.mcu.externaltools.gnu-tools-for-stm32.10.3-2021.10.win32_1.0.100.202210260954/tools/bin/../lib/gcc/arm-none-eabi/10.3.1/../../../../arm-none-eabi/lib/thumb/v7e-m+fp/hard\libc_nano.a(lib_a-findfp.o)
                0x0000000008004124                __sfp_lock_acquire
 .text.__sfp_lock_release
                0x0000000008004130        0xc c:/app/stm32/stm32cubeide_1.11.2/stm32cubeide/plugins/com.st.stm32cube.ide.mcu.externaltools.gnu-tools-for-stm32.10.3-2021.10.win32_1.0.100.202210260954/tools/bin/../lib/gcc/arm-none-eabi/10.3.1/../../../../arm-none-eabi/lib/thumb/v7e-m+fp/hard\libc_nano.a(lib_a-findfp.o)
                0x0000000008004130                __sfp_lock_release
 .text.__sinit_lock_acquire
                0x000000000800413c        0xc c:/app/stm32/stm32cubeide_1.11.2/stm32cubeide/plugins/com.st.stm32cube.ide.mcu.externaltools.gnu-tools-for-stm32.10.3-2021.10.win32_1.0.100.202210260954/tools/bin/../lib/gcc/arm-none-eabi/10.3.1/../../../../arm-none-eabi/lib/thumb/v7e-m+fp/hard\libc_nano.a(lib_a-findfp.o)
                0x000000000800413c                __sinit_lock_acquire
 .text.__sinit_lock_release
                0x0000000008004148        0xc c:/app/stm32/stm32cubeide_1.11.2/stm32cubeide/plugins/com.st.stm32cube.ide.mcu.externaltools.gnu-tools-for-stm32.10.3-2021.10.win32_1.0.100.202210260954/tools/bin/../lib/gcc/arm-none-eabi/10.3.1/../../../../arm-none-eabi/lib/thumb/v7e-m+fp/hard\libc_nano.a(lib_a-findfp.o)
                0x0000000008004148                __sinit_lock_release
 .text.__sinit  0x0000000008004154       0x70 c:/app/stm32/stm32cubeide_1.11.2/stm32cubeide/plugins/com.st.stm32cube.ide.mcu.externaltools.gnu-tools-for-stm32.10.3-2021.10.win32_1.0.100.202210260954/tools/bin/../lib/gcc/arm-none-eabi/10.3.1/../../../../arm-none-eabi/lib/thumb/v7e-m+fp/hard\libc_nano.a(lib_a-findfp.o)
                0x0000000008004154                __sinit
 .text.__sfp    0x00000000080041c4       0x8c c:/app/stm32/stm32cubeide_1.11.2/stm32cubeide/plugins/com.st.stm32cube.ide.mcu.externaltools.gnu-tools-for-stm32.10.3-2021.10.win32_1.0.100.202210260954/tools/bin/../lib/gcc/arm-none-eabi/10.3.1/../../../../arm-none-eabi/lib/thumb/v7e-m+fp/hard\libc_nano.a(lib_a-findfp.o)
                0x00000000080041c4                __sfp
 .text._fwalk_reent
                0x0000000008004250       0x3e c:/app/stm32/stm32cubeide_1.11.2/stm32cubeide/plugins/com.st.stm32cube.ide.mcu.externaltools.gnu-tools-for-stm32.10.3-2021.10.win32_1.0.100.202210260954/tools/bin/../lib/gcc/arm-none-eabi/10.3.1/../../../../arm-none-eabi/lib/thumb/v7e-m+fp/hard\libc_nano.a(lib_a-fwalk.o)
                0x0000000008004250                _fwalk_reent
 *fill*         0x000000000800428e        0x2 
 .text.__libc_init_array
                0x0000000008004290       0x48 c:/app/stm32/stm32cubeide_1.11.2/stm32cubeide/plugins/com.st.stm32cube.ide.mcu.externaltools.gnu-tools-for-stm32.10.3-2021.10.win32_1.0.100.202210260954/tools/bin/../lib/gcc/arm-none-eabi/10.3.1/../../../../arm-none-eabi/lib/thumb/v7e-m+fp/hard\libc_nano.a(lib_a-init.o)
                0x0000000008004290                __libc_init_array
 .text.__retarget_lock_init_recursive
                0x00000000080042d8        0x2 c:/app/stm32/stm32cubeide_1.11.2/stm32cubeide/plugins/com.st.stm32cube.ide.mcu.externaltools.gnu-tools-for-stm32.10.3-2021.10.win32_1.0.100.202210260954/tools/bin/../lib/gcc/arm-none-eabi/10.3.1/../../../../arm-none-eabi/lib/thumb/v7e-m+fp/hard\libc_nano.a(lib_a-lock.o)
                0x00000000080042d8                __retarget_lock_init_recursive
 .text.__retarget_lock_acquire_recursive
                0x00000000080042da        0x2 c:/app/stm32/stm32cubeide_1.11.2/stm32cubeide/plugins/com.st.stm32cube.ide.mcu.externaltools.gnu-tools-for-stm32.10.3-2021.10.win32_1.0.100.202210260954/tools/bin/../lib/gcc/arm-none-eabi/10.3.1/../../../../arm-none-eabi/lib/thumb/v7e-m+fp/hard\libc_nano.a(lib_a-lock.o)
                0x00000000080042da                __retarget_lock_acquire_recursive
 .text.__retarget_lock_release_recursive
                0x00000000080042dc        0x2 c:/app/stm32/stm32cubeide_1.11.2/stm32cubeide/plugins/com.st.stm32cube.ide.mcu.externaltools.gnu-tools-for-stm32.10.3-2021.10.win32_1.0.100.202210260954/tools/bin/../lib/gcc/arm-none-eabi/10.3.1/../../../../arm-none-eabi/lib/thumb/v7e-m+fp/hard\libc_nano.a(lib_a-lock.o)
                0x00000000080042dc                __retarget_lock_release_recursive
 .text.__swhatbuf_r
                0x00000000080042de       0x4a c:/app/stm32/stm32cubeide_1.11.2/stm32cubeide/plugins/com.st.stm32cube.ide.mcu.externaltools.gnu-tools-for-stm32.10.3-2021.10.win32_1.0.100.202210260954/tools/bin/../lib/gcc/arm-none-eabi/10.3.1/../../../../arm-none-eabi/lib/thumb/v7e-m+fp/hard\libc_nano.a(lib_a-makebuf.o)
                0x00000000080042de                __swhatbuf_r
 .text.__smakebuf_r
                0x0000000008004328       0x80 c:/app/stm32/stm32cubeide_1.11.2/stm32cubeide/plugins/com.st.stm32cube.ide.mcu.externaltools.gnu-tools-for-stm32.10.3-2021.10.win32_1.0.100.202210260954/tools/bin/../lib/gcc/arm-none-eabi/10.3.1/../../../../arm-none-eabi/lib/thumb/v7e-m+fp/hard\libc_nano.a(lib_a-makebuf.o)
                0x0000000008004328                __smakebuf_r
 .text.memset   0x00000000080043a8       0x10 c:/app/stm32/stm32cubeide_1.11.2/stm32cubeide/plugins/com.st.stm32cube.ide.mcu.externaltools.gnu-tools-for-stm32.10.3-2021.10.win32_1.0.100.202210260954/tools/bin/../lib/gcc/arm-none-eabi/10.3.1/../../../../arm-none-eabi/lib/thumb/v7e-m+fp/hard\libc_nano.a(lib_a-memset.o)
                0x00000000080043a8                memset
 .text._free_r  0x00000000080043b8       0x98 c:/app/stm32/stm32cubeide_1.11.2/stm32cubeide/plugins/com.st.stm32cube.ide.mcu.externaltools.gnu-tools-for-stm32.10.3-2021.10.win32_1.0.100.202210260954/tools/bin/../lib/gcc/arm-none-eabi/10.3.1/../../../../arm-none-eabi/lib/thumb/v7e-m+fp/hard\libc_nano.a(lib_a-nano-freer.o)
                0x00000000080043b8                _free_r
 .text.sbrk_aligned
                0x0000000008004450       0x40 c:/app/stm32/stm32cubeide_1.11.2/stm32cubeide/plugins/com.st.stm32cube.ide.mcu.externaltools.gnu-tools-for-stm32.10.3-2021.10.win32_1.0.100.202210260954/tools/bin/../lib/gcc/arm-none-eabi/10.3.1/../../../../arm-none-eabi/lib/thumb/v7e-m+fp/hard\libc_nano.a(lib_a-nano-mallocr.o)
 .text._malloc_r
                0x0000000008004490       0xe8 c:/app/stm32/stm32cubeide_1.11.2/stm32cubeide/plugins/com.st.stm32cube.ide.mcu.externaltools.gnu-tools-for-stm32.10.3-2021.10.win32_1.0.100.202210260954/tools/bin/../lib/gcc/arm-none-eabi/10.3.1/../../../../arm-none-eabi/lib/thumb/v7e-m+fp/hard\libc_nano.a(lib_a-nano-mallocr.o)
                0x0000000008004490                _malloc_r
 .text.printf   0x0000000008004578       0x30 c:/app/stm32/stm32cubeide_1.11.2/stm32cubeide/plugins/com.st.stm32cube.ide.mcu.externaltools.gnu-tools-for-stm32.10.3-2021.10.win32_1.0.100.202210260954/tools/bin/../lib/gcc/arm-none-eabi/10.3.1/../../../../arm-none-eabi/lib/thumb/v7e-m+fp/hard\libc_nano.a(lib_a-printf.o)
                0x0000000008004578                iprintf
                0x0000000008004578                printf
 .text._sbrk_r  0x00000000080045a8       0x20 c:/app/stm32/stm32cubeide_1.11.2/stm32cubeide/plugins/com.st.stm32cube.ide.mcu.externaltools.gnu-tools-for-stm32.10.3-2021.10.win32_1.0.100.202210260954/tools/bin/../lib/gcc/arm-none-eabi/10.3.1/../../../../arm-none-eabi/lib/thumb/v7e-m+fp/hard\libc_nano.a(lib_a-sbrkr.o)
                0x00000000080045a8                _sbrk_r
 .text.__sread  0x00000000080045c8       0x22 c:/app/stm32/stm32cubeide_1.11.2/stm32cubeide/plugins/com.st.stm32cube.ide.mcu.externaltools.gnu-tools-for-stm32.10.3-2021.10.win32_1.0.100.202210260954/tools/bin/../lib/gcc/arm-none-eabi/10.3.1/../../../../arm-none-eabi/lib/thumb/v7e-m+fp/hard\libc_nano.a(lib_a-stdio.o)
                0x00000000080045c8                __sread
 .text.__swrite
                0x00000000080045ea       0x38 c:/app/stm32/stm32cubeide_1.11.2/stm32cubeide/plugins/com.st.stm32cube.ide.mcu.externaltools.gnu-tools-for-stm32.10.3-2021.10.win32_1.0.100.202210260954/tools/bin/../lib/gcc/arm-none-eabi/10.3.1/../../../../arm-none-eabi/lib/thumb/v7e-m+fp/hard\libc_nano.a(lib_a-stdio.o)
                0x00000000080045ea                __swrite
 .text.__sseek  0x0000000008004622       0x24 c:/app/stm32/stm32cubeide_1.11.2/stm32cubeide/plugins/com.st.stm32cube.ide.mcu.externaltools.gnu-tools-for-stm32.10.3-2021.10.win32_1.0.100.202210260954/tools/bin/../lib/gcc/arm-none-eabi/10.3.1/../../../../arm-none-eabi/lib/thumb/v7e-m+fp/hard\libc_nano.a(lib_a-stdio.o)
                0x0000000008004622                __sseek
 .text.__sclose
                0x0000000008004646        0x8 c:/app/stm32/stm32cubeide_1.11.2/stm32cubeide/plugins/com.st.stm32cube.ide.mcu.externaltools.gnu-tools-for-stm32.10.3-2021.10.win32_1.0.100.202210260954/tools/bin/../lib/gcc/arm-none-eabi/10.3.1/../../../../arm-none-eabi/lib/thumb/v7e-m+fp/hard\libc_nano.a(lib_a-stdio.o)
                0x0000000008004646                __sclose
 *fill*         0x000000000800464e        0x2 
 .text._write_r
                0x0000000008004650       0x24 c:/app/stm32/stm32cubeide_1.11.2/stm32cubeide/plugins/com.st.stm32cube.ide.mcu.externaltools.gnu-tools-for-stm32.10.3-2021.10.win32_1.0.100.202210260954/tools/bin/../lib/gcc/arm-none-eabi/10.3.1/../../../../arm-none-eabi/lib/thumb/v7e-m+fp/hard\libc_nano.a(lib_a-writer.o)
                0x0000000008004650                _write_r
 .text._close_r
                0x0000000008004674       0x20 c:/app/stm32/stm32cubeide_1.11.2/stm32cubeide/plugins/com.st.stm32cube.ide.mcu.externaltools.gnu-tools-for-stm32.10.3-2021.10.win32_1.0.100.202210260954/tools/bin/../lib/gcc/arm-none-eabi/10.3.1/../../../../arm-none-eabi/lib/thumb/v7e-m+fp/hard\libc_nano.a(lib_a-closer.o)
                0x0000000008004674                _close_r
 .text._fstat_r
                0x0000000008004694       0x24 c:/app/stm32/stm32cubeide_1.11.2/stm32cubeide/plugins/com.st.stm32cube.ide.mcu.externaltools.gnu-tools-for-stm32.10.3-2021.10.win32_1.0.100.202210260954/tools/bin/../lib/gcc/arm-none-eabi/10.3.1/../../../../arm-none-eabi/lib/thumb/v7e-m+fp/hard\libc_nano.a(lib_a-fstatr.o)
                0x0000000008004694                _fstat_r
 .text._isatty_r
                0x00000000080046b8       0x20 c:/app/stm32/stm32cubeide_1.11.2/stm32cubeide/plugins/com.st.stm32cube.ide.mcu.externaltools.gnu-tools-for-stm32.10.3-2021.10.win32_1.0.100.202210260954/tools/bin/../lib/gcc/arm-none-eabi/10.3.1/../../../../arm-none-eabi/lib/thumb/v7e-m+fp/hard\libc_nano.a(lib_a-isattyr.o)
                0x00000000080046b8                _isatty_r
 .text._lseek_r
                0x00000000080046d8       0x24 c:/app/stm32/stm32cubeide_1.11.2/stm32cubeide/plugins/com.st.stm32cube.ide.mcu.externaltools.gnu-tools-for-stm32.10.3-2021.10.win32_1.0.100.202210260954/tools/bin/../lib/gcc/arm-none-eabi/10.3.1/../../../../arm-none-eabi/lib/thumb/v7e-m+fp/hard\libc_nano.a(lib_a-lseekr.o)
                0x00000000080046d8                _lseek_r
 .text.__malloc_lock
                0x00000000080046fc        0xc c:/app/stm32/stm32cubeide_1.11.2/stm32cubeide/plugins/com.st.stm32cube.ide.mcu.externaltools.gnu-tools-for-stm32.10.3-2021.10.win32_1.0.100.202210260954/tools/bin/../lib/gcc/arm-none-eabi/10.3.1/../../../../arm-none-eabi/lib/thumb/v7e-m+fp/hard\libc_nano.a(lib_a-mlock.o)
                0x00000000080046fc                __malloc_lock
 .text.__malloc_unlock
                0x0000000008004708        0xc c:/app/stm32/stm32cubeide_1.11.2/stm32cubeide/plugins/com.st.stm32cube.ide.mcu.externaltools.gnu-tools-for-stm32.10.3-2021.10.win32_1.0.100.202210260954/tools/bin/../lib/gcc/arm-none-eabi/10.3.1/../../../../arm-none-eabi/lib/thumb/v7e-m+fp/hard\libc_nano.a(lib_a-mlock.o)
                0x0000000008004708                __malloc_unlock
 .text.__sfputc_r
                0x0000000008004714       0x2e c:/app/stm32/stm32cubeide_1.11.2/stm32cubeide/plugins/com.st.stm32cube.ide.mcu.externaltools.gnu-tools-for-stm32.10.3-2021.10.win32_1.0.100.202210260954/tools/bin/../lib/gcc/arm-none-eabi/10.3.1/../../../../arm-none-eabi/lib/thumb/v7e-m+fp/hard\libc_nano.a(lib_a-nano-vfprintf.o)
 .text.__sfputs_r
                0x0000000008004742       0x24 c:/app/stm32/stm32cubeide_1.11.2/stm32cubeide/plugins/com.st.stm32cube.ide.mcu.externaltools.gnu-tools-for-stm32.10.3-2021.10.win32_1.0.100.202210260954/tools/bin/../lib/gcc/arm-none-eabi/10.3.1/../../../../arm-none-eabi/lib/thumb/v7e-m+fp/hard\libc_nano.a(lib_a-nano-vfprintf.o)
                0x0000000008004742                __sfputs_r
 *fill*         0x0000000008004766        0x2 
 .text._vfprintf_r
                0x0000000008004768      0x260 c:/app/stm32/stm32cubeide_1.11.2/stm32cubeide/plugins/com.st.stm32cube.ide.mcu.externaltools.gnu-tools-for-stm32.10.3-2021.10.win32_1.0.100.202210260954/tools/bin/../lib/gcc/arm-none-eabi/10.3.1/../../../../arm-none-eabi/lib/thumb/v7e-m+fp/hard\libc_nano.a(lib_a-nano-vfprintf.o)
                0x0000000008004768                _vfprintf_r
                0x0000000008004768                _vfiprintf_r
 .text._printf_common
                0x00000000080049c8       0xda c:/app/stm32/stm32cubeide_1.11.2/stm32cubeide/plugins/com.st.stm32cube.ide.mcu.externaltools.gnu-tools-for-stm32.10.3-2021.10.win32_1.0.100.202210260954/tools/bin/../lib/gcc/arm-none-eabi/10.3.1/../../../../arm-none-eabi/lib/thumb/v7e-m+fp/hard\libc_nano.a(lib_a-nano-vfprintf_i.o)
                0x00000000080049c8                _printf_common
 *fill*         0x0000000008004aa2        0x2 
 .text._printf_i
                0x0000000008004aa4      0x24c c:/app/stm32/stm32cubeide_1.11.2/stm32cubeide/plugins/com.st.stm32cube.ide.mcu.externaltools.gnu-tools-for-stm32.10.3-2021.10.win32_1.0.100.202210260954/tools/bin/../lib/gcc/arm-none-eabi/10.3.1/../../../../arm-none-eabi/lib/thumb/v7e-m+fp/hard\libc_nano.a(lib_a-nano-vfprintf_i.o)
                0x0000000008004aa4                _printf_i
 .text._read_r  0x0000000008004cf0       0x24 c:/app/stm32/stm32cubeide_1.11.2/stm32cubeide/plugins/com.st.stm32cube.ide.mcu.externaltools.gnu-tools-for-stm32.10.3-2021.10.win32_1.0.100.202210260954/tools/bin/../lib/gcc/arm-none-eabi/10.3.1/../../../../arm-none-eabi/lib/thumb/v7e-m+fp/hard\libc_nano.a(lib_a-readr.o)
                0x0000000008004cf0                _read_r
 .text.__swbuf_r
                0x0000000008004d14       0xa4 c:/app/stm32/stm32cubeide_1.11.2/stm32cubeide/plugins/com.st.stm32cube.ide.mcu.externaltools.gnu-tools-for-stm32.10.3-2021.10.win32_1.0.100.202210260954/tools/bin/../lib/gcc/arm-none-eabi/10.3.1/../../../../arm-none-eabi/lib/thumb/v7e-m+fp/hard\libc_nano.a(lib_a-wbuf.o)
                0x0000000008004d14                __swbuf_r
 .text.__swsetup_r
                0x0000000008004db8       0xdc c:/app/stm32/stm32cubeide_1.11.2/stm32cubeide/plugins/com.st.stm32cube.ide.mcu.externaltools.gnu-tools-for-stm32.10.3-2021.10.win32_1.0.100.202210260954/tools/bin/../lib/gcc/arm-none-eabi/10.3.1/../../../../arm-none-eabi/lib/thumb/v7e-m+fp/hard\libc_nano.a(lib_a-wsetup.o)
                0x0000000008004db8                __swsetup_r
 *(.glue_7)
 .glue_7        0x0000000008004e94        0x0 linker stubs
 *(.glue_7t)
 .glue_7t       0x0000000008004e94        0x0 linker stubs
 *(.eh_frame)
 .eh_frame      0x0000000008004e94        0x0 c:/app/stm32/stm32cubeide_1.11.2/stm32cubeide/plugins/com.st.stm32cube.ide.mcu.externaltools.gnu-tools-for-stm32.10.3-2021.10.win32_1.0.100.202210260954/tools/bin/../lib/gcc/arm-none-eabi/10.3.1/thumb/v7e-m+fp/hard/crtbegin.o
 *(.init)
 .init          0x0000000008004e94        0x4 c:/app/stm32/stm32cubeide_1.11.2/stm32cubeide/plugins/com.st.stm32cube.ide.mcu.externaltools.gnu-tools-for-stm32.10.3-2021.10.win32_1.0.100.202210260954/tools/bin/../lib/gcc/arm-none-eabi/10.3.1/thumb/v7e-m+fp/hard/crti.o
                0x0000000008004e94                _init
 .init          0x0000000008004e98        0x8 c:/app/stm32/stm32cubeide_1.11.2/stm32cubeide/plugins/com.st.stm32cube.ide.mcu.externaltools.gnu-tools-for-stm32.10.3-2021.10.win32_1.0.100.202210260954/tools/bin/../lib/gcc/arm-none-eabi/10.3.1/thumb/v7e-m+fp/hard/crtn.o
 *(.fini)
 .fini          0x0000000008004ea0        0x4 c:/app/stm32/stm32cubeide_1.11.2/stm32cubeide/plugins/com.st.stm32cube.ide.mcu.externaltools.gnu-tools-for-stm32.10.3-2021.10.win32_1.0.100.202210260954/tools/bin/../lib/gcc/arm-none-eabi/10.3.1/thumb/v7e-m+fp/hard/crti.o
                0x0000000008004ea0                _fini
 .fini          0x0000000008004ea4        0x8 c:/app/stm32/stm32cubeide_1.11.2/stm32cubeide/plugins/com.st.stm32cube.ide.mcu.externaltools.gnu-tools-for-stm32.10.3-2021.10.win32_1.0.100.202210260954/tools/bin/../lib/gcc/arm-none-eabi/10.3.1/thumb/v7e-m+fp/hard/crtn.o
                0x0000000008004eac                . = ALIGN (0x4)
                0x0000000008004eac                _etext = .

.vfp11_veneer   0x0000000008004eac        0x0
 .vfp11_veneer  0x0000000008004eac        0x0 linker stubs

.v4_bx          0x0000000008004eac        0x0
 .v4_bx         0x0000000008004eac        0x0 linker stubs

.iplt           0x0000000008004eac        0x0
 .iplt          0x0000000008004eac        0x0 c:/app/stm32/stm32cubeide_1.11.2/stm32cubeide/plugins/com.st.stm32cube.ide.mcu.externaltools.gnu-tools-for-stm32.10.3-2021.10.win32_1.0.100.202210260954/tools/bin/../lib/gcc/arm-none-eabi/10.3.1/thumb/v7e-m+fp/hard/crtbegin.o

.rodata         0x0000000008004eac      0x104
                0x0000000008004eac                . = ALIGN (0x4)
 *(.rodata)
 .rodata        0x0000000008004eac       0x22 ./Core/Src/main.o
 *(.rodata*)
 *fill*         0x0000000008004ece        0x2 
 .rodata.AHBPrescTable
                0x0000000008004ed0       0x10 ./Core/Src/system_stm32l4xx.o
                0x0000000008004ed0                AHBPrescTable
 .rodata.APBPrescTable
                0x0000000008004ee0        0x8 ./Core/Src/system_stm32l4xx.o
                0x0000000008004ee0                APBPrescTable
 .rodata.MSIRangeTable
                0x0000000008004ee8       0x30 ./Core/Src/system_stm32l4xx.o
                0x0000000008004ee8                MSIRangeTable
 .rodata.__sf_fake_stderr
                0x0000000008004f18       0x20 c:/app/stm32/stm32cubeide_1.11.2/stm32cubeide/plugins/com.st.stm32cube.ide.mcu.externaltools.gnu-tools-for-stm32.10.3-2021.10.win32_1.0.100.202210260954/tools/bin/../lib/gcc/arm-none-eabi/10.3.1/../../../../arm-none-eabi/lib/thumb/v7e-m+fp/hard\libc_nano.a(lib_a-findfp.o)
                0x0000000008004f18                __sf_fake_stderr
 .rodata.__sf_fake_stdin
                0x0000000008004f38       0x20 c:/app/stm32/stm32cubeide_1.11.2/stm32cubeide/plugins/com.st.stm32cube.ide.mcu.externaltools.gnu-tools-for-stm32.10.3-2021.10.win32_1.0.100.202210260954/tools/bin/../lib/gcc/arm-none-eabi/10.3.1/../../../../arm-none-eabi/lib/thumb/v7e-m+fp/hard\libc_nano.a(lib_a-findfp.o)
                0x0000000008004f38                __sf_fake_stdin
 .rodata.__sf_fake_stdout
                0x0000000008004f58       0x20 c:/app/stm32/stm32cubeide_1.11.2/stm32cubeide/plugins/com.st.stm32cube.ide.mcu.externaltools.gnu-tools-for-stm32.10.3-2021.10.win32_1.0.100.202210260954/tools/bin/../lib/gcc/arm-none-eabi/10.3.1/../../../../arm-none-eabi/lib/thumb/v7e-m+fp/hard\libc_nano.a(lib_a-findfp.o)
                0x0000000008004f58                __sf_fake_stdout
 .rodata._global_impure_ptr
                0x0000000008004f78        0x4 c:/app/stm32/stm32cubeide_1.11.2/stm32cubeide/plugins/com.st.stm32cube.ide.mcu.externaltools.gnu-tools-for-stm32.10.3-2021.10.win32_1.0.100.202210260954/tools/bin/../lib/gcc/arm-none-eabi/10.3.1/../../../../arm-none-eabi/lib/thumb/v7e-m+fp/hard\libc_nano.a(lib_a-impure.o)
                0x0000000008004f78                _global_impure_ptr
 .rodata._vfprintf_r.str1.1
                0x0000000008004f7c       0x11 c:/app/stm32/stm32cubeide_1.11.2/stm32cubeide/plugins/com.st.stm32cube.ide.mcu.externaltools.gnu-tools-for-stm32.10.3-2021.10.win32_1.0.100.202210260954/tools/bin/../lib/gcc/arm-none-eabi/10.3.1/../../../../arm-none-eabi/lib/thumb/v7e-m+fp/hard\libc_nano.a(lib_a-nano-vfprintf.o)
 .rodata._printf_i.str1.1
                0x0000000008004f8d       0x22 c:/app/stm32/stm32cubeide_1.11.2/stm32cubeide/plugins/com.st.stm32cube.ide.mcu.externaltools.gnu-tools-for-stm32.10.3-2021.10.win32_1.0.100.202210260954/tools/bin/../lib/gcc/arm-none-eabi/10.3.1/../../../../arm-none-eabi/lib/thumb/v7e-m+fp/hard\libc_nano.a(lib_a-nano-vfprintf_i.o)
                0x0000000008004fb0                . = ALIGN (0x4)
 *fill*         0x0000000008004faf        0x1 

.ARM.extab      0x0000000008004fb0        0x0
                0x0000000008004fb0                . = ALIGN (0x4)
 *(.ARM.extab* .gnu.linkonce.armextab.*)
                0x0000000008004fb0                . = ALIGN (0x4)

.ARM            0x0000000008004fb0        0x8
                0x0000000008004fb0                . = ALIGN (0x4)
                0x0000000008004fb0                __exidx_start = .
 *(.ARM.exidx*)
 .ARM.exidx     0x0000000008004fb0        0x8 c:/app/stm32/stm32cubeide_1.11.2/stm32cubeide/plugins/com.st.stm32cube.ide.mcu.externaltools.gnu-tools-for-stm32.10.3-2021.10.win32_1.0.100.202210260954/tools/bin/../lib/gcc/arm-none-eabi/10.3.1/thumb/v7e-m+fp/hard\libgcc.a(_udivmoddi4.o)
                0x0000000008004fb8                __exidx_end = .
                0x0000000008004fb8                . = ALIGN (0x4)

.rel.dyn        0x0000000008004fb8        0x0
 .rel.iplt      0x0000000008004fb8        0x0 c:/app/stm32/stm32cubeide_1.11.2/stm32cubeide/plugins/com.st.stm32cube.ide.mcu.externaltools.gnu-tools-for-stm32.10.3-2021.10.win32_1.0.100.202210260954/tools/bin/../lib/gcc/arm-none-eabi/10.3.1/thumb/v7e-m+fp/hard/crtbegin.o

.preinit_array  0x0000000008004fb8        0x0
                0x0000000008004fb8                . = ALIGN (0x4)
                0x0000000008004fb8                PROVIDE (__preinit_array_start = .)
 *(.preinit_array*)
                0x0000000008004fb8                PROVIDE (__preinit_array_end = .)
                0x0000000008004fb8                . = ALIGN (0x4)

.init_array     0x0000000008004fb8        0x4
                0x0000000008004fb8                . = ALIGN (0x4)
                0x0000000008004fb8                PROVIDE (__init_array_start = .)
 *(SORT_BY_NAME(.init_array.*))
 *(.init_array*)
 .init_array    0x0000000008004fb8        0x4 c:/app/stm32/stm32cubeide_1.11.2/stm32cubeide/plugins/com.st.stm32cube.ide.mcu.externaltools.gnu-tools-for-stm32.10.3-2021.10.win32_1.0.100.202210260954/tools/bin/../lib/gcc/arm-none-eabi/10.3.1/thumb/v7e-m+fp/hard/crtbegin.o
                0x0000000008004fbc                PROVIDE (__init_array_end = .)
                0x0000000008004fbc                . = ALIGN (0x4)

.fini_array     0x0000000008004fbc        0x4
                0x0000000008004fbc                . = ALIGN (0x4)
                [!provide]                        PROVIDE (__fini_array_start = .)
 *(SORT_BY_NAME(.fini_array.*))
 *(.fini_array*)
 .fini_array    0x0000000008004fbc        0x4 c:/app/stm32/stm32cubeide_1.11.2/stm32cubeide/plugins/com.st.stm32cube.ide.mcu.externaltools.gnu-tools-for-stm32.10.3-2021.10.win32_1.0.100.202210260954/tools/bin/../lib/gcc/arm-none-eabi/10.3.1/thumb/v7e-m+fp/hard/crtbegin.o
                [!provide]                        PROVIDE (__fini_array_end = .)
                0x0000000008004fc0                . = ALIGN (0x4)
                0x0000000008004fc0                _sidata = LOADADDR (.data)

.data           0x0000000020000000       0x70 load address 0x0000000008004fc0
                0x0000000020000000                . = ALIGN (0x4)
                0x0000000020000000                _sdata = .
 *(.data)
 *(.data*)
 .data.SystemCoreClock
                0x0000000020000000        0x4 ./Core/Src/system_stm32l4xx.o
                0x0000000020000000                SystemCoreClock
 .data.uwTickPrio
                0x0000000020000004        0x4 ./Drivers/STM32L4xx_HAL_Driver/Src/stm32l4xx_hal.o
                0x0000000020000004                uwTickPrio
 .data.uwTickFreq
                0x0000000020000008        0x1 ./Drivers/STM32L4xx_HAL_Driver/Src/stm32l4xx_hal.o
                0x0000000020000008                uwTickFreq
 *fill*         0x0000000020000009        0x3 
 .data._impure_ptr
                0x000000002000000c        0x4 c:/app/stm32/stm32cubeide_1.11.2/stm32cubeide/plugins/com.st.stm32cube.ide.mcu.externaltools.gnu-tools-for-stm32.10.3-2021.10.win32_1.0.100.202210260954/tools/bin/../lib/gcc/arm-none-eabi/10.3.1/../../../../arm-none-eabi/lib/thumb/v7e-m+fp/hard\libc_nano.a(lib_a-impure.o)
                0x000000002000000c                _impure_ptr
 .data.impure_data
                0x0000000020000010       0x60 c:/app/stm32/stm32cubeide_1.11.2/stm32cubeide/plugins/com.st.stm32cube.ide.mcu.externaltools.gnu-tools-for-stm32.10.3-2021.10.win32_1.0.100.202210260954/tools/bin/../lib/gcc/arm-none-eabi/10.3.1/../../../../arm-none-eabi/lib/thumb/v7e-m+fp/hard\libc_nano.a(lib_a-impure.o)
 *(.RamFunc)
 *(.RamFunc*)
                0x0000000020000070                . = ALIGN (0x4)
                0x0000000020000070                _edata = .

.igot.plt       0x0000000020000070        0x0 load address 0x0000000008005030
 .igot.plt      0x0000000020000070        0x0 c:/app/stm32/stm32cubeide_1.11.2/stm32cubeide/plugins/com.st.stm32cube.ide.mcu.externaltools.gnu-tools-for-stm32.10.3-2021.10.win32_1.0.100.202210260954/tools/bin/../lib/gcc/arm-none-eabi/10.3.1/thumb/v7e-m+fp/hard/crtbegin.o
                0x0000000020000070                . = ALIGN (0x4)

.bss            0x0000000020000070      0x1dc load address 0x0000000008005030
                0x0000000020000070                _sbss = .
                0x0000000020000070                __bss_start__ = _sbss
 *(.bss)
 .bss           0x0000000020000070       0x1c c:/app/stm32/stm32cubeide_1.11.2/stm32cubeide/plugins/com.st.stm32cube.ide.mcu.externaltools.gnu-tools-for-stm32.10.3-2021.10.win32_1.0.100.202210260954/tools/bin/../lib/gcc/arm-none-eabi/10.3.1/thumb/v7e-m+fp/hard/crtbegin.o
 *(.bss*)
 .bss.received_data
                0x000000002000008c       0x28 ./Core/Src/dht11.o
 .bss.dhttimer  0x00000000200000b4        0x4 ./Core/Src/dht11.o
 .bss.hspi2     0x00000000200000b8       0x64 ./Core/Src/spi.o
                0x00000000200000b8                hspi2
 .bss.hdma_spi2_tx
                0x000000002000011c       0x48 ./Core/Src/spi.o
                0x000000002000011c                hdma_spi2_tx
 .bss.__sbrk_heap_end
                0x0000000020000164        0x4 ./Core/Src/sysmem.o
 .bss.htim6     0x0000000020000168       0x4c ./Core/Src/tim.o
                0x0000000020000168                htim6
 .bss.huart2    0x00000000200001b4       0x84 ./Core/Src/usart.o
                0x00000000200001b4                huart2
 .bss.uwTick    0x0000000020000238        0x4 ./Drivers/STM32L4xx_HAL_Driver/Src/stm32l4xx_hal.o
                0x0000000020000238                uwTick
 .bss.__lock___malloc_recursive_mutex
                0x000000002000023c        0x1 c:/app/stm32/stm32cubeide_1.11.2/stm32cubeide/plugins/com.st.stm32cube.ide.mcu.externaltools.gnu-tools-for-stm32.10.3-2021.10.win32_1.0.100.202210260954/tools/bin/../lib/gcc/arm-none-eabi/10.3.1/../../../../arm-none-eabi/lib/thumb/v7e-m+fp/hard\libc_nano.a(lib_a-lock.o)
                0x000000002000023c                __lock___malloc_recursive_mutex
 .bss.__lock___sfp_recursive_mutex
                0x000000002000023d        0x1 c:/app/stm32/stm32cubeide_1.11.2/stm32cubeide/plugins/com.st.stm32cube.ide.mcu.externaltools.gnu-tools-for-stm32.10.3-2021.10.win32_1.0.100.202210260954/tools/bin/../lib/gcc/arm-none-eabi/10.3.1/../../../../arm-none-eabi/lib/thumb/v7e-m+fp/hard\libc_nano.a(lib_a-lock.o)
                0x000000002000023d                __lock___sfp_recursive_mutex
 .bss.__lock___sinit_recursive_mutex
                0x000000002000023e        0x1 c:/app/stm32/stm32cubeide_1.11.2/stm32cubeide/plugins/com.st.stm32cube.ide.mcu.externaltools.gnu-tools-for-stm32.10.3-2021.10.win32_1.0.100.202210260954/tools/bin/../lib/gcc/arm-none-eabi/10.3.1/../../../../arm-none-eabi/lib/thumb/v7e-m+fp/hard\libc_nano.a(lib_a-lock.o)
                0x000000002000023e                __lock___sinit_recursive_mutex
 *fill*         0x000000002000023f        0x1 
 .bss.__malloc_free_list
                0x0000000020000240        0x4 c:/app/stm32/stm32cubeide_1.11.2/stm32cubeide/plugins/com.st.stm32cube.ide.mcu.externaltools.gnu-tools-for-stm32.10.3-2021.10.win32_1.0.100.202210260954/tools/bin/../lib/gcc/arm-none-eabi/10.3.1/../../../../arm-none-eabi/lib/thumb/v7e-m+fp/hard\libc_nano.a(lib_a-nano-mallocr.o)
                0x0000000020000240                __malloc_free_list
 .bss.__malloc_sbrk_start
                0x0000000020000244        0x4 c:/app/stm32/stm32cubeide_1.11.2/stm32cubeide/plugins/com.st.stm32cube.ide.mcu.externaltools.gnu-tools-for-stm32.10.3-2021.10.win32_1.0.100.202210260954/tools/bin/../lib/gcc/arm-none-eabi/10.3.1/../../../../arm-none-eabi/lib/thumb/v7e-m+fp/hard\libc_nano.a(lib_a-nano-mallocr.o)
                0x0000000020000244                __malloc_sbrk_start
 .bss.errno     0x0000000020000248        0x4 c:/app/stm32/stm32cubeide_1.11.2/stm32cubeide/plugins/com.st.stm32cube.ide.mcu.externaltools.gnu-tools-for-stm32.10.3-2021.10.win32_1.0.100.202210260954/tools/bin/../lib/gcc/arm-none-eabi/10.3.1/../../../../arm-none-eabi/lib/thumb/v7e-m+fp/hard\libc_nano.a(lib_a-reent.o)
                0x0000000020000248                errno
 *(COMMON)
                0x000000002000024c                . = ALIGN (0x4)
                0x000000002000024c                _ebss = .
                0x000000002000024c                __bss_end__ = _ebss

._user_heap_stack
                0x000000002000024c      0x604 load address 0x0000000008005030
                0x0000000020000250                . = ALIGN (0x8)
 *fill*         0x000000002000024c        0x4 
                [!provide]                        PROVIDE (end = .)
                0x0000000020000250                PROVIDE (_end = .)
                0x0000000020000450                . = (. + _Min_Heap_Size)
 *fill*         0x0000000020000250      0x200 
                0x0000000020000850                . = (. + _Min_Stack_Size)
 *fill*         0x0000000020000450      0x400 
                0x0000000020000850                . = ALIGN (0x8)

/DISCARD/
 libc.a(*)
 libm.a(*)
 libgcc.a(*)

.ARM.attributes
                0x0000000000000000       0x30
 *(.ARM.attributes)
 .ARM.attributes
                0x0000000000000000       0x1e c:/app/stm32/stm32cubeide_1.11.2/stm32cubeide/plugins/com.st.stm32cube.ide.mcu.externaltools.gnu-tools-for-stm32.10.3-2021.10.win32_1.0.100.202210260954/tools/bin/../lib/gcc/arm-none-eabi/10.3.1/thumb/v7e-m+fp/hard/crti.o
 .ARM.attributes
                0x000000000000001e       0x34 c:/app/stm32/stm32cubeide_1.11.2/stm32cubeide/plugins/com.st.stm32cube.ide.mcu.externaltools.gnu-tools-for-stm32.10.3-2021.10.win32_1.0.100.202210260954/tools/bin/../lib/gcc/arm-none-eabi/10.3.1/thumb/v7e-m+fp/hard/crtbegin.o
 .ARM.attributes
                0x0000000000000052       0x34 ./Core/Src/dht11.o
 .ARM.attributes
                0x0000000000000086       0x34 ./Core/Src/dma.o
 .ARM.attributes
                0x00000000000000ba       0x34 ./Core/Src/gpio.o
 .ARM.attributes
                0x00000000000000ee       0x34 ./Core/Src/main.o
 .ARM.attributes
                0x0000000000000122       0x34 ./Core/Src/spi.o
 .ARM.attributes
                0x0000000000000156       0x34 ./Core/Src/stm32l4xx_hal_msp.o
 .ARM.attributes
                0x000000000000018a       0x34 ./Core/Src/stm32l4xx_it.o
 .ARM.attributes
                0x00000000000001be       0x34 ./Core/Src/syscalls.o
 .ARM.attributes
                0x00000000000001f2       0x34 ./Core/Src/sysmem.o
 .ARM.attributes
                0x0000000000000226       0x34 ./Core/Src/system_stm32l4xx.o
 .ARM.attributes
                0x000000000000025a       0x34 ./Core/Src/tim.o
 .ARM.attributes
                0x000000000000028e       0x34 ./Core/Src/usart.o
 .ARM.attributes
                0x00000000000002c2       0x21 ./Core/Startup/startup_stm32l476rgtx.o
 .ARM.attributes
                0x00000000000002e3       0x34 ./Drivers/STM32L4xx_HAL_Driver/Src/stm32l4xx_hal.o
 .ARM.attributes
                0x0000000000000317       0x34 ./Drivers/STM32L4xx_HAL_Driver/Src/stm32l4xx_hal_cortex.o
 .ARM.attributes
                0x000000000000034b       0x34 ./Drivers/STM32L4xx_HAL_Driver/Src/stm32l4xx_hal_dma.o
 .ARM.attributes
                0x000000000000037f       0x34 ./Drivers/STM32L4xx_HAL_Driver/Src/stm32l4xx_hal_gpio.o
 .ARM.attributes
                0x00000000000003b3       0x34 ./Drivers/STM32L4xx_HAL_Driver/Src/stm32l4xx_hal_pwr_ex.o
 .ARM.attributes
                0x00000000000003e7       0x34 ./Drivers/STM32L4xx_HAL_Driver/Src/stm32l4xx_hal_rcc.o
 .ARM.attributes
                0x000000000000041b       0x34 ./Drivers/STM32L4xx_HAL_Driver/Src/stm32l4xx_hal_rcc_ex.o
 .ARM.attributes
                0x000000000000044f       0x34 ./Drivers/STM32L4xx_HAL_Driver/Src/stm32l4xx_hal_spi.o
 .ARM.attributes
                0x0000000000000483       0x34 ./Drivers/STM32L4xx_HAL_Driver/Src/stm32l4xx_hal_tim.o
 .ARM.attributes
                0x00000000000004b7       0x34 ./Drivers/STM32L4xx_HAL_Driver/Src/stm32l4xx_hal_tim_ex.o
 .ARM.attributes
                0x00000000000004eb       0x34 ./Drivers/STM32L4xx_HAL_Driver/Src/stm32l4xx_hal_uart.o
 .ARM.attributes
                0x000000000000051f       0x34 c:/app/stm32/stm32cubeide_1.11.2/stm32cubeide/plugins/com.st.stm32cube.ide.mcu.externaltools.gnu-tools-for-stm32.10.3-2021.10.win32_1.0.100.202210260954/tools/bin/../lib/gcc/arm-none-eabi/10.3.1/../../../../arm-none-eabi/lib/thumb/v7e-m+fp/hard\libc_nano.a(lib_a-errno.o)
 .ARM.attributes
                0x0000000000000553       0x34 c:/app/stm32/stm32cubeide_1.11.2/stm32cubeide/plugins/com.st.stm32cube.ide.mcu.externaltools.gnu-tools-for-stm32.10.3-2021.10.win32_1.0.100.202210260954/tools/bin/../lib/gcc/arm-none-eabi/10.3.1/../../../../arm-none-eabi/lib/thumb/v7e-m+fp/hard\libc_nano.a(lib_a-fflush.o)
 .ARM.attributes
                0x0000000000000587       0x34 c:/app/stm32/stm32cubeide_1.11.2/stm32cubeide/plugins/com.st.stm32cube.ide.mcu.externaltools.gnu-tools-for-stm32.10.3-2021.10.win32_1.0.100.202210260954/tools/bin/../lib/gcc/arm-none-eabi/10.3.1/../../../../arm-none-eabi/lib/thumb/v7e-m+fp/hard\libc_nano.a(lib_a-findfp.o)
 .ARM.attributes
                0x00000000000005bb       0x34 c:/app/stm32/stm32cubeide_1.11.2/stm32cubeide/plugins/com.st.stm32cube.ide.mcu.externaltools.gnu-tools-for-stm32.10.3-2021.10.win32_1.0.100.202210260954/tools/bin/../lib/gcc/arm-none-eabi/10.3.1/../../../../arm-none-eabi/lib/thumb/v7e-m+fp/hard\libc_nano.a(lib_a-fwalk.o)
 .ARM.attributes
                0x00000000000005ef       0x34 c:/app/stm32/stm32cubeide_1.11.2/stm32cubeide/plugins/com.st.stm32cube.ide.mcu.externaltools.gnu-tools-for-stm32.10.3-2021.10.win32_1.0.100.202210260954/tools/bin/../lib/gcc/arm-none-eabi/10.3.1/../../../../arm-none-eabi/lib/thumb/v7e-m+fp/hard\libc_nano.a(lib_a-impure.o)
 .ARM.attributes
                0x0000000000000623       0x34 c:/app/stm32/stm32cubeide_1.11.2/stm32cubeide/plugins/com.st.stm32cube.ide.mcu.externaltools.gnu-tools-for-stm32.10.3-2021.10.win32_1.0.100.202210260954/tools/bin/../lib/gcc/arm-none-eabi/10.3.1/../../../../arm-none-eabi/lib/thumb/v7e-m+fp/hard\libc_nano.a(lib_a-init.o)
 .ARM.attributes
                0x0000000000000657       0x34 c:/app/stm32/stm32cubeide_1.11.2/stm32cubeide/plugins/com.st.stm32cube.ide.mcu.externaltools.gnu-tools-for-stm32.10.3-2021.10.win32_1.0.100.202210260954/tools/bin/../lib/gcc/arm-none-eabi/10.3.1/../../../../arm-none-eabi/lib/thumb/v7e-m+fp/hard\libc_nano.a(lib_a-lock.o)
 .ARM.attributes
                0x000000000000068b       0x34 c:/app/stm32/stm32cubeide_1.11.2/stm32cubeide/plugins/com.st.stm32cube.ide.mcu.externaltools.gnu-tools-for-stm32.10.3-2021.10.win32_1.0.100.202210260954/tools/bin/../lib/gcc/arm-none-eabi/10.3.1/../../../../arm-none-eabi/lib/thumb/v7e-m+fp/hard\libc_nano.a(lib_a-makebuf.o)
 .ARM.attributes
                0x00000000000006bf       0x34 c:/app/stm32/stm32cubeide_1.11.2/stm32cubeide/plugins/com.st.stm32cube.ide.mcu.externaltools.gnu-tools-for-stm32.10.3-2021.10.win32_1.0.100.202210260954/tools/bin/../lib/gcc/arm-none-eabi/10.3.1/../../../../arm-none-eabi/lib/thumb/v7e-m+fp/hard\libc_nano.a(lib_a-memset.o)
 .ARM.attributes
                0x00000000000006f3       0x34 c:/app/stm32/stm32cubeide_1.11.2/stm32cubeide/plugins/com.st.stm32cube.ide.mcu.externaltools.gnu-tools-for-stm32.10.3-2021.10.win32_1.0.100.202210260954/tools/bin/../lib/gcc/arm-none-eabi/10.3.1/../../../../arm-none-eabi/lib/thumb/v7e-m+fp/hard\libc_nano.a(lib_a-nano-freer.o)
 .ARM.attributes
                0x0000000000000727       0x34 c:/app/stm32/stm32cubeide_1.11.2/stm32cubeide/plugins/com.st.stm32cube.ide.mcu.externaltools.gnu-tools-for-stm32.10.3-2021.10.win32_1.0.100.202210260954/tools/bin/../lib/gcc/arm-none-eabi/10.3.1/../../../../arm-none-eabi/lib/thumb/v7e-m+fp/hard\libc_nano.a(lib_a-nano-mallocr.o)
 .ARM.attributes
                0x000000000000075b       0x34 c:/app/stm32/stm32cubeide_1.11.2/stm32cubeide/plugins/com.st.stm32cube.ide.mcu.externaltools.gnu-tools-for-stm32.10.3-2021.10.win32_1.0.100.202210260954/tools/bin/../lib/gcc/arm-none-eabi/10.3.1/../../../../arm-none-eabi/lib/thumb/v7e-m+fp/hard\libc_nano.a(lib_a-printf.o)
 .ARM.attributes
                0x000000000000078f       0x34 c:/app/stm32/stm32cubeide_1.11.2/stm32cubeide/plugins/com.st.stm32cube.ide.mcu.externaltools.gnu-tools-for-stm32.10.3-2021.10.win32_1.0.100.202210260954/tools/bin/../lib/gcc/arm-none-eabi/10.3.1/../../../../arm-none-eabi/lib/thumb/v7e-m+fp/hard\libc_nano.a(lib_a-reent.o)
 .ARM.attributes
                0x00000000000007c3       0x34 c:/app/stm32/stm32cubeide_1.11.2/stm32cubeide/plugins/com.st.stm32cube.ide.mcu.externaltools.gnu-tools-for-stm32.10.3-2021.10.win32_1.0.100.202210260954/tools/bin/../lib/gcc/arm-none-eabi/10.3.1/../../../../arm-none-eabi/lib/thumb/v7e-m+fp/hard\libc_nano.a(lib_a-sbrkr.o)
 .ARM.attributes
                0x00000000000007f7       0x34 c:/app/stm32/stm32cubeide_1.11.2/stm32cubeide/plugins/com.st.stm32cube.ide.mcu.externaltools.gnu-tools-for-stm32.10.3-2021.10.win32_1.0.100.202210260954/tools/bin/../lib/gcc/arm-none-eabi/10.3.1/../../../../arm-none-eabi/lib/thumb/v7e-m+fp/hard\libc_nano.a(lib_a-stdio.o)
 .ARM.attributes
                0x000000000000082b       0x34 c:/app/stm32/stm32cubeide_1.11.2/stm32cubeide/plugins/com.st.stm32cube.ide.mcu.externaltools.gnu-tools-for-stm32.10.3-2021.10.win32_1.0.100.202210260954/tools/bin/../lib/gcc/arm-none-eabi/10.3.1/../../../../arm-none-eabi/lib/thumb/v7e-m+fp/hard\libc_nano.a(lib_a-writer.o)
 .ARM.attributes
                0x000000000000085f       0x34 c:/app/stm32/stm32cubeide_1.11.2/stm32cubeide/plugins/com.st.stm32cube.ide.mcu.externaltools.gnu-tools-for-stm32.10.3-2021.10.win32_1.0.100.202210260954/tools/bin/../lib/gcc/arm-none-eabi/10.3.1/../../../../arm-none-eabi/lib/thumb/v7e-m+fp/hard\libc_nano.a(lib_a-closer.o)
 .ARM.attributes
                0x0000000000000893       0x34 c:/app/stm32/stm32cubeide_1.11.2/stm32cubeide/plugins/com.st.stm32cube.ide.mcu.externaltools.gnu-tools-for-stm32.10.3-2021.10.win32_1.0.100.202210260954/tools/bin/../lib/gcc/arm-none-eabi/10.3.1/../../../../arm-none-eabi/lib/thumb/v7e-m+fp/hard\libc_nano.a(lib_a-fstatr.o)
 .ARM.attributes
                0x00000000000008c7       0x34 c:/app/stm32/stm32cubeide_1.11.2/stm32cubeide/plugins/com.st.stm32cube.ide.mcu.externaltools.gnu-tools-for-stm32.10.3-2021.10.win32_1.0.100.202210260954/tools/bin/../lib/gcc/arm-none-eabi/10.3.1/../../../../arm-none-eabi/lib/thumb/v7e-m+fp/hard\libc_nano.a(lib_a-isattyr.o)
 .ARM.attributes
                0x00000000000008fb       0x34 c:/app/stm32/stm32cubeide_1.11.2/stm32cubeide/plugins/com.st.stm32cube.ide.mcu.externaltools.gnu-tools-for-stm32.10.3-2021.10.win32_1.0.100.202210260954/tools/bin/../lib/gcc/arm-none-eabi/10.3.1/../../../../arm-none-eabi/lib/thumb/v7e-m+fp/hard\libc_nano.a(lib_a-lseekr.o)
 .ARM.attributes
                0x000000000000092f       0x34 c:/app/stm32/stm32cubeide_1.11.2/stm32cubeide/plugins/com.st.stm32cube.ide.mcu.externaltools.gnu-tools-for-stm32.10.3-2021.10.win32_1.0.100.202210260954/tools/bin/../lib/gcc/arm-none-eabi/10.3.1/../../../../arm-none-eabi/lib/thumb/v7e-m+fp/hard\libc_nano.a(lib_a-mlock.o)
 .ARM.attributes
                0x0000000000000963       0x34 c:/app/stm32/stm32cubeide_1.11.2/stm32cubeide/plugins/com.st.stm32cube.ide.mcu.externaltools.gnu-tools-for-stm32.10.3-2021.10.win32_1.0.100.202210260954/tools/bin/../lib/gcc/arm-none-eabi/10.3.1/../../../../arm-none-eabi/lib/thumb/v7e-m+fp/hard\libc_nano.a(lib_a-nano-vfprintf.o)
 .ARM.attributes
                0x0000000000000997       0x34 c:/app/stm32/stm32cubeide_1.11.2/stm32cubeide/plugins/com.st.stm32cube.ide.mcu.externaltools.gnu-tools-for-stm32.10.3-2021.10.win32_1.0.100.202210260954/tools/bin/../lib/gcc/arm-none-eabi/10.3.1/../../../../arm-none-eabi/lib/thumb/v7e-m+fp/hard\libc_nano.a(lib_a-nano-vfprintf_i.o)
 .ARM.attributes
                0x00000000000009cb       0x34 c:/app/stm32/stm32cubeide_1.11.2/stm32cubeide/plugins/com.st.stm32cube.ide.mcu.externaltools.gnu-tools-for-stm32.10.3-2021.10.win32_1.0.100.202210260954/tools/bin/../lib/gcc/arm-none-eabi/10.3.1/../../../../arm-none-eabi/lib/thumb/v7e-m+fp/hard\libc_nano.a(lib_a-readr.o)
 .ARM.attributes
                0x00000000000009ff       0x34 c:/app/stm32/stm32cubeide_1.11.2/stm32cubeide/plugins/com.st.stm32cube.ide.mcu.externaltools.gnu-tools-for-stm32.10.3-2021.10.win32_1.0.100.202210260954/tools/bin/../lib/gcc/arm-none-eabi/10.3.1/../../../../arm-none-eabi/lib/thumb/v7e-m+fp/hard\libc_nano.a(lib_a-wbuf.o)
 .ARM.attributes
                0x0000000000000a33       0x34 c:/app/stm32/stm32cubeide_1.11.2/stm32cubeide/plugins/com.st.stm32cube.ide.mcu.externaltools.gnu-tools-for-stm32.10.3-2021.10.win32_1.0.100.202210260954/tools/bin/../lib/gcc/arm-none-eabi/10.3.1/../../../../arm-none-eabi/lib/thumb/v7e-m+fp/hard\libc_nano.a(lib_a-wsetup.o)
 .ARM.attributes
                0x0000000000000a67       0x1c c:/app/stm32/stm32cubeide_1.11.2/stm32cubeide/plugins/com.st.stm32cube.ide.mcu.externaltools.gnu-tools-for-stm32.10.3-2021.10.win32_1.0.100.202210260954/tools/bin/../lib/gcc/arm-none-eabi/10.3.1/../../../../arm-none-eabi/lib/thumb/v7e-m+fp/hard\libc_nano.a(lib_a-memchr.o)
 .ARM.attributes
                0x0000000000000a83       0x1e c:/app/stm32/stm32cubeide_1.11.2/stm32cubeide/plugins/com.st.stm32cube.ide.mcu.externaltools.gnu-tools-for-stm32.10.3-2021.10.win32_1.0.100.202210260954/tools/bin/../lib/gcc/arm-none-eabi/10.3.1/thumb/v7e-m+fp/hard\libgcc.a(_aeabi_uldivmod.o)
 .ARM.attributes
                0x0000000000000aa1       0x34 c:/app/stm32/stm32cubeide_1.11.2/stm32cubeide/plugins/com.st.stm32cube.ide.mcu.externaltools.gnu-tools-for-stm32.10.3-2021.10.win32_1.0.100.202210260954/tools/bin/../lib/gcc/arm-none-eabi/10.3.1/thumb/v7e-m+fp/hard\libgcc.a(_udivmoddi4.o)
 .ARM.attributes
                0x0000000000000ad5       0x1e c:/app/stm32/stm32cubeide_1.11.2/stm32cubeide/plugins/com.st.stm32cube.ide.mcu.externaltools.gnu-tools-for-stm32.10.3-2021.10.win32_1.0.100.202210260954/tools/bin/../lib/gcc/arm-none-eabi/10.3.1/thumb/v7e-m+fp/hard\libgcc.a(_dvmd_tls.o)
 .ARM.attributes
                0x0000000000000af3       0x1e c:/app/stm32/stm32cubeide_1.11.2/stm32cubeide/plugins/com.st.stm32cube.ide.mcu.externaltools.gnu-tools-for-stm32.10.3-2021.10.win32_1.0.100.202210260954/tools/bin/../lib/gcc/arm-none-eabi/10.3.1/thumb/v7e-m+fp/hard/crtn.o
OUTPUT(weather-station.elf elf32-littlearm)
LOAD linker stubs
LOAD c:/app/stm32/stm32cubeide_1.11.2/stm32cubeide/plugins/com.st.stm32cube.ide.mcu.externaltools.gnu-tools-for-stm32.10.3-2021.10.win32_1.0.100.202210260954/tools/bin/../lib/gcc/arm-none-eabi/10.3.1/../../../../arm-none-eabi/lib/thumb/v7e-m+fp/hard\libc.a
LOAD c:/app/stm32/stm32cubeide_1.11.2/stm32cubeide/plugins/com.st.stm32cube.ide.mcu.externaltools.gnu-tools-for-stm32.10.3-2021.10.win32_1.0.100.202210260954/tools/bin/../lib/gcc/arm-none-eabi/10.3.1/../../../../arm-none-eabi/lib/thumb/v7e-m+fp/hard\libm.a
LOAD c:/app/stm32/stm32cubeide_1.11.2/stm32cubeide/plugins/com.st.stm32cube.ide.mcu.externaltools.gnu-tools-for-stm32.10.3-2021.10.win32_1.0.100.202210260954/tools/bin/../lib/gcc/arm-none-eabi/10.3.1/thumb/v7e-m+fp/hard\libgcc.a

.debug_info     0x0000000000000000    0x14432
 .debug_info    0x0000000000000000      0x9c0 ./Core/Src/dht11.o
 .debug_info    0x00000000000009c0      0x552 ./Core/Src/dma.o
 .debug_info    0x0000000000000f12      0x4d2 ./Core/Src/gpio.o
 .debug_info    0x00000000000013e4     0x119b ./Core/Src/main.o
 .debug_info    0x000000000000257f      0xa96 ./Core/Src/spi.o
 .debug_info    0x0000000000003015      0x308 ./Core/Src/stm32l4xx_hal_msp.o
 .debug_info    0x000000000000331d      0x3b2 ./Core/Src/stm32l4xx_it.o
 .debug_info    0x00000000000036cf      0x6e0 ./Core/Src/syscalls.o
 .debug_info    0x0000000000003daf      0x171 ./Core/Src/sysmem.o
 .debug_info    0x0000000000003f20      0x5c6 ./Core/Src/system_stm32l4xx.o
 .debug_info    0x00000000000044e6      0xa0a ./Core/Src/tim.o
 .debug_info    0x0000000000004ef0      0xd51 ./Core/Src/usart.o
 .debug_info    0x0000000000005c41       0x22 ./Core/Startup/startup_stm32l476rgtx.o
 .debug_info    0x0000000000005c63      0xb35 ./Drivers/STM32L4xx_HAL_Driver/Src/stm32l4xx_hal.o
 .debug_info    0x0000000000006798      0xe21 ./Drivers/STM32L4xx_HAL_Driver/Src/stm32l4xx_hal_cortex.o
 .debug_info    0x00000000000075b9      0x76a ./Drivers/STM32L4xx_HAL_Driver/Src/stm32l4xx_hal_dma.o
 .debug_info    0x0000000000007d23      0x821 ./Drivers/STM32L4xx_HAL_Driver/Src/stm32l4xx_hal_gpio.o
 .debug_info    0x0000000000008544      0x9f0 ./Drivers/STM32L4xx_HAL_Driver/Src/stm32l4xx_hal_pwr_ex.o
 .debug_info    0x0000000000008f34      0xced ./Drivers/STM32L4xx_HAL_Driver/Src/stm32l4xx_hal_rcc.o
 .debug_info    0x0000000000009c21      0xe92 ./Drivers/STM32L4xx_HAL_Driver/Src/stm32l4xx_hal_rcc_ex.o
 .debug_info    0x000000000000aab3     0x1782 ./Drivers/STM32L4xx_HAL_Driver/Src/stm32l4xx_hal_spi.o
 .debug_info    0x000000000000c235     0x2d04 ./Drivers/STM32L4xx_HAL_Driver/Src/stm32l4xx_hal_tim.o
 .debug_info    0x000000000000ef39     0x17eb ./Drivers/STM32L4xx_HAL_Driver/Src/stm32l4xx_hal_tim_ex.o
 .debug_info    0x0000000000010724     0x3d0e ./Drivers/STM32L4xx_HAL_Driver/Src/stm32l4xx_hal_uart.o

.debug_abbrev   0x0000000000000000     0x2c54
 .debug_abbrev  0x0000000000000000      0x230 ./Core/Src/dht11.o
 .debug_abbrev  0x0000000000000230       0xf8 ./Core/Src/dma.o
 .debug_abbrev  0x0000000000000328      0x146 ./Core/Src/gpio.o
 .debug_abbrev  0x000000000000046e      0x281 ./Core/Src/main.o
 .debug_abbrev  0x00000000000006ef      0x1f3 ./Core/Src/spi.o
 .debug_abbrev  0x00000000000008e2       0xc2 ./Core/Src/stm32l4xx_hal_msp.o
 .debug_abbrev  0x00000000000009a4      0x15f ./Core/Src/stm32l4xx_it.o
 .debug_abbrev  0x0000000000000b03      0x1b3 ./Core/Src/syscalls.o
 .debug_abbrev  0x0000000000000cb6       0xbb ./Core/Src/sysmem.o
 .debug_abbrev  0x0000000000000d71      0x116 ./Core/Src/system_stm32l4xx.o
 .debug_abbrev  0x0000000000000e87      0x1c9 ./Core/Src/tim.o
 .debug_abbrev  0x0000000000001050      0x1e7 ./Core/Src/usart.o
 .debug_abbrev  0x0000000000001237       0x12 ./Core/Startup/startup_stm32l476rgtx.o
 .debug_abbrev  0x0000000000001249      0x23a ./Drivers/STM32L4xx_HAL_Driver/Src/stm32l4xx_hal.o
 .debug_abbrev  0x0000000000001483      0x316 ./Drivers/STM32L4xx_HAL_Driver/Src/stm32l4xx_hal_cortex.o
 .debug_abbrev  0x0000000000001799      0x1d7 ./Drivers/STM32L4xx_HAL_Driver/Src/stm32l4xx_hal_dma.o
 .debug_abbrev  0x0000000000001970      0x1bb ./Drivers/STM32L4xx_HAL_Driver/Src/stm32l4xx_hal_gpio.o
 .debug_abbrev  0x0000000000001b2b      0x1f3 ./Drivers/STM32L4xx_HAL_Driver/Src/stm32l4xx_hal_pwr_ex.o
 .debug_abbrev  0x0000000000001d1e      0x2bd ./Drivers/STM32L4xx_HAL_Driver/Src/stm32l4xx_hal_rcc.o
 .debug_abbrev  0x0000000000001fdb      0x299 ./Drivers/STM32L4xx_HAL_Driver/Src/stm32l4xx_hal_rcc_ex.o
 .debug_abbrev  0x0000000000002274      0x254 ./Drivers/STM32L4xx_HAL_Driver/Src/stm32l4xx_hal_spi.o
 .debug_abbrev  0x00000000000024c8      0x264 ./Drivers/STM32L4xx_HAL_Driver/Src/stm32l4xx_hal_tim.o
 .debug_abbrev  0x000000000000272c      0x26c ./Drivers/STM32L4xx_HAL_Driver/Src/stm32l4xx_hal_tim_ex.o
 .debug_abbrev  0x0000000000002998      0x2bc ./Drivers/STM32L4xx_HAL_Driver/Src/stm32l4xx_hal_uart.o

.debug_aranges  0x0000000000000000     0x1238
 .debug_aranges
                0x0000000000000000       0x58 ./Core/Src/dht11.o
 .debug_aranges
                0x0000000000000058       0x20 ./Core/Src/dma.o
 .debug_aranges
                0x0000000000000078       0x20 ./Core/Src/gpio.o
 .debug_aranges
                0x0000000000000098       0x40 ./Core/Src/main.o
 .debug_aranges
                0x00000000000000d8       0x30 ./Core/Src/spi.o
 .debug_aranges
                0x0000000000000108       0x20 ./Core/Src/stm32l4xx_hal_msp.o
 .debug_aranges
                0x0000000000000128       0x68 ./Core/Src/stm32l4xx_it.o
 .debug_aranges
                0x0000000000000190       0xa8 ./Core/Src/syscalls.o
 .debug_aranges
                0x0000000000000238       0x20 ./Core/Src/sysmem.o
 .debug_aranges
                0x0000000000000258       0x28 ./Core/Src/system_stm32l4xx.o
 .debug_aranges
                0x0000000000000280       0x30 ./Core/Src/tim.o
 .debug_aranges
                0x00000000000002b0       0x30 ./Core/Src/usart.o
 .debug_aranges
                0x00000000000002e0       0x28 ./Core/Startup/startup_stm32l476rgtx.o
 .debug_aranges
                0x0000000000000308      0x130 ./Drivers/STM32L4xx_HAL_Driver/Src/stm32l4xx_hal.o
 .debug_aranges
                0x0000000000000438      0x118 ./Drivers/STM32L4xx_HAL_Driver/Src/stm32l4xx_hal_cortex.o
 .debug_aranges
                0x0000000000000550       0x80 ./Drivers/STM32L4xx_HAL_Driver/Src/stm32l4xx_hal_dma.o
 .debug_aranges
                0x00000000000005d0       0x58 ./Drivers/STM32L4xx_HAL_Driver/Src/stm32l4xx_hal_gpio.o
 .debug_aranges
                0x0000000000000628      0x160 ./Drivers/STM32L4xx_HAL_Driver/Src/stm32l4xx_hal_pwr_ex.o
 .debug_aranges
                0x0000000000000788       0x90 ./Drivers/STM32L4xx_HAL_Driver/Src/stm32l4xx_hal_rcc.o
 .debug_aranges
                0x0000000000000818       0xc0 ./Drivers/STM32L4xx_HAL_Driver/Src/stm32l4xx_hal_rcc_ex.o
 .debug_aranges
                0x00000000000008d8      0x1d8 ./Drivers/STM32L4xx_HAL_Driver/Src/stm32l4xx_hal_spi.o
 .debug_aranges
                0x0000000000000ab0      0x3e0 ./Drivers/STM32L4xx_HAL_Driver/Src/stm32l4xx_hal_tim.o
 .debug_aranges
                0x0000000000000e90      0x180 ./Drivers/STM32L4xx_HAL_Driver/Src/stm32l4xx_hal_tim_ex.o
 .debug_aranges
                0x0000000000001010      0x228 ./Drivers/STM32L4xx_HAL_Driver/Src/stm32l4xx_hal_uart.o

.debug_ranges   0x0000000000000000     0x10f0
 .debug_ranges  0x0000000000000000       0x48 ./Core/Src/dht11.o
 .debug_ranges  0x0000000000000048       0x10 ./Core/Src/dma.o
 .debug_ranges  0x0000000000000058       0x10 ./Core/Src/gpio.o
 .debug_ranges  0x0000000000000068       0x30 ./Core/Src/main.o
 .debug_ranges  0x0000000000000098       0x20 ./Core/Src/spi.o
 .debug_ranges  0x00000000000000b8       0x10 ./Core/Src/stm32l4xx_hal_msp.o
 .debug_ranges  0x00000000000000c8       0x58 ./Core/Src/stm32l4xx_it.o
 .debug_ranges  0x0000000000000120       0x98 ./Core/Src/syscalls.o
 .debug_ranges  0x00000000000001b8       0x10 ./Core/Src/sysmem.o
 .debug_ranges  0x00000000000001c8       0x18 ./Core/Src/system_stm32l4xx.o
 .debug_ranges  0x00000000000001e0       0x20 ./Core/Src/tim.o
 .debug_ranges  0x0000000000000200       0x20 ./Core/Src/usart.o
 .debug_ranges  0x0000000000000220       0x20 ./Core/Startup/startup_stm32l476rgtx.o
 .debug_ranges  0x0000000000000240      0x120 ./Drivers/STM32L4xx_HAL_Driver/Src/stm32l4xx_hal.o
 .debug_ranges  0x0000000000000360      0x108 ./Drivers/STM32L4xx_HAL_Driver/Src/stm32l4xx_hal_cortex.o
 .debug_ranges  0x0000000000000468       0x70 ./Drivers/STM32L4xx_HAL_Driver/Src/stm32l4xx_hal_dma.o
 .debug_ranges  0x00000000000004d8       0x48 ./Drivers/STM32L4xx_HAL_Driver/Src/stm32l4xx_hal_gpio.o
 .debug_ranges  0x0000000000000520      0x150 ./Drivers/STM32L4xx_HAL_Driver/Src/stm32l4xx_hal_pwr_ex.o
 .debug_ranges  0x0000000000000670       0x80 ./Drivers/STM32L4xx_HAL_Driver/Src/stm32l4xx_hal_rcc.o
 .debug_ranges  0x00000000000006f0       0xb0 ./Drivers/STM32L4xx_HAL_Driver/Src/stm32l4xx_hal_rcc_ex.o
 .debug_ranges  0x00000000000007a0      0x1c8 ./Drivers/STM32L4xx_HAL_Driver/Src/stm32l4xx_hal_spi.o
 .debug_ranges  0x0000000000000968      0x3d0 ./Drivers/STM32L4xx_HAL_Driver/Src/stm32l4xx_hal_tim.o
 .debug_ranges  0x0000000000000d38      0x170 ./Drivers/STM32L4xx_HAL_Driver/Src/stm32l4xx_hal_tim_ex.o
 .debug_ranges  0x0000000000000ea8      0x248 ./Drivers/STM32L4xx_HAL_Driver/Src/stm32l4xx_hal_uart.o

.debug_macro    0x0000000000000000    0x28f8b
 .debug_macro   0x0000000000000000      0x245 ./Core/Src/dht11.o
 .debug_macro   0x0000000000000245      0xa78 ./Core/Src/dht11.o
 .debug_macro   0x0000000000000cbd       0x2e ./Core/Src/dht11.o
 .debug_macro   0x0000000000000ceb       0x28 ./Core/Src/dht11.o
 .debug_macro   0x0000000000000d13       0x22 ./Core/Src/dht11.o
 .debug_macro   0x0000000000000d35       0x8e ./Core/Src/dht11.o
 .debug_macro   0x0000000000000dc3       0x51 ./Core/Src/dht11.o
 .debug_macro   0x0000000000000e14      0x103 ./Core/Src/dht11.o
 .debug_macro   0x0000000000000f17       0x6a ./Core/Src/dht11.o
 .debug_macro   0x0000000000000f81      0x1df ./Core/Src/dht11.o
 .debug_macro   0x0000000000001160       0x1c ./Core/Src/dht11.o
 .debug_macro   0x000000000000117c       0x22 ./Core/Src/dht11.o
 .debug_macro   0x000000000000119e       0xfb ./Core/Src/dht11.o
 .debug_macro   0x0000000000001299     0x1011 ./Core/Src/dht11.o
 .debug_macro   0x00000000000022aa      0x11f ./Core/Src/dht11.o
 .debug_macro   0x00000000000023c9    0x1a17a ./Core/Src/dht11.o
 .debug_macro   0x000000000001c543       0x6d ./Core/Src/dht11.o
 .debug_macro   0x000000000001c5b0      0x1b3 ./Core/Src/dht11.o
 .debug_macro   0x000000000001c763     0x38e6 ./Core/Src/dht11.o
 .debug_macro   0x0000000000020049      0x174 ./Core/Src/dht11.o
 .debug_macro   0x00000000000201bd       0x5c ./Core/Src/dht11.o
 .debug_macro   0x0000000000020219     0x159e ./Core/Src/dht11.o
 .debug_macro   0x00000000000217b7      0x5a5 ./Core/Src/dht11.o
 .debug_macro   0x0000000000021d5c      0x1b9 ./Core/Src/dht11.o
 .debug_macro   0x0000000000021f15      0x18b ./Core/Src/dht11.o
 .debug_macro   0x00000000000220a0      0x26b ./Core/Src/dht11.o
 .debug_macro   0x000000000002230b      0x23d ./Core/Src/dht11.o
 .debug_macro   0x0000000000022548      0x241 ./Core/Src/dht11.o
 .debug_macro   0x0000000000022789      0x37c ./Core/Src/dht11.o
 .debug_macro   0x0000000000022b05       0xd6 ./Core/Src/dht11.o
 .debug_macro   0x0000000000022bdb      0x22c ./Core/Src/dht11.o
 .debug_macro   0x0000000000022e07       0x61 ./Core/Src/dht11.o
 .debug_macro   0x0000000000022e68       0xa5 ./Core/Src/dht11.o
 .debug_macro   0x0000000000022f0d      0x122 ./Core/Src/dht11.o
 .debug_macro   0x000000000002302f      0x3ef ./Core/Src/dht11.o
 .debug_macro   0x000000000002341e      0x2fe ./Core/Src/dht11.o
 .debug_macro   0x000000000002371c      0xa91 ./Core/Src/dht11.o
 .debug_macro   0x00000000000241ad      0x1e6 ./Core/Src/dht11.o
 .debug_macro   0x0000000000024393      0x5ba ./Core/Src/dht11.o
 .debug_macro   0x000000000002494d       0x44 ./Core/Src/dht11.o
 .debug_macro   0x0000000000024991      0x330 ./Core/Src/dht11.o
 .debug_macro   0x0000000000024cc1       0x3a ./Core/Src/dht11.o
 .debug_macro   0x0000000000024cfb      0x207 ./Core/Src/dma.o
 .debug_macro   0x0000000000024f02       0x34 ./Core/Src/dma.o
 .debug_macro   0x0000000000024f36      0x207 ./Core/Src/gpio.o
 .debug_macro   0x000000000002513d      0x3a8 ./Core/Src/main.o
 .debug_macro   0x00000000000254e5       0x52 ./Core/Src/main.o
 .debug_macro   0x0000000000025537       0x1e ./Core/Src/main.o
 .debug_macro   0x0000000000025555       0x3c ./Core/Src/main.o
 .debug_macro   0x0000000000025591       0x34 ./Core/Src/main.o
 .debug_macro   0x00000000000255c5       0x16 ./Core/Src/main.o
 .debug_macro   0x00000000000255db       0x35 ./Core/Src/main.o
 .debug_macro   0x0000000000025610      0x341 ./Core/Src/main.o
 .debug_macro   0x0000000000025951       0x10 ./Core/Src/main.o
 .debug_macro   0x0000000000025961       0x16 ./Core/Src/main.o
 .debug_macro   0x0000000000025977       0x43 ./Core/Src/main.o
 .debug_macro   0x00000000000259ba       0x34 ./Core/Src/main.o
 .debug_macro   0x00000000000259ee       0x10 ./Core/Src/main.o
 .debug_macro   0x00000000000259fe       0x58 ./Core/Src/main.o
 .debug_macro   0x0000000000025a56       0x71 ./Core/Src/main.o
 .debug_macro   0x0000000000025ac7       0x1c ./Core/Src/main.o
 .debug_macro   0x0000000000025ae3      0x12a ./Core/Src/main.o
 .debug_macro   0x0000000000025c0d       0x10 ./Core/Src/main.o
 .debug_macro   0x0000000000025c1d       0x1c ./Core/Src/main.o
 .debug_macro   0x0000000000025c39       0x52 ./Core/Src/main.o
 .debug_macro   0x0000000000025c8b       0x22 ./Core/Src/main.o
 .debug_macro   0x0000000000025cad       0x10 ./Core/Src/main.o
 .debug_macro   0x0000000000025cbd       0x52 ./Core/Src/main.o
 .debug_macro   0x0000000000025d0f       0xd5 ./Core/Src/main.o
 .debug_macro   0x0000000000025de4       0x1c ./Core/Src/main.o
 .debug_macro   0x0000000000025e00       0x3d ./Core/Src/main.o
 .debug_macro   0x0000000000025e3d       0x16 ./Core/Src/main.o
 .debug_macro   0x0000000000025e53      0x145 ./Core/Src/main.o
 .debug_macro   0x0000000000025f98      0x207 ./Core/Src/spi.o
 .debug_macro   0x000000000002619f      0x1fd ./Core/Src/stm32l4xx_hal_msp.o
 .debug_macro   0x000000000002639c      0x207 ./Core/Src/stm32l4xx_it.o
 .debug_macro   0x00000000000265a3      0x24c ./Core/Src/syscalls.o
 .debug_macro   0x00000000000267ef       0x4c ./Core/Src/syscalls.o
 .debug_macro   0x000000000002683b       0x94 ./Core/Src/syscalls.o
 .debug_macro   0x00000000000268cf       0x57 ./Core/Src/syscalls.o
 .debug_macro   0x0000000000026926       0x10 ./Core/Src/syscalls.o
 .debug_macro   0x0000000000026936       0x10 ./Core/Src/syscalls.o
 .debug_macro   0x0000000000026946       0x10 ./Core/Src/syscalls.o
 .debug_macro   0x0000000000026956       0x35 ./Core/Src/syscalls.o
 .debug_macro   0x000000000002698b      0x12c ./Core/Src/syscalls.o
 .debug_macro   0x0000000000026ab7       0x16 ./Core/Src/syscalls.o
 .debug_macro   0x0000000000026acd       0x16 ./Core/Src/syscalls.o
 .debug_macro   0x0000000000026ae3       0x29 ./Core/Src/syscalls.o
 .debug_macro   0x0000000000026b0c       0x10 ./Core/Src/syscalls.o
 .debug_macro   0x0000000000026b1c      0x241 ./Core/Src/syscalls.o
 .debug_macro   0x0000000000026d5d       0x1c ./Core/Src/syscalls.o
 .debug_macro   0x0000000000026d79       0x10 ./Core/Src/syscalls.o
 .debug_macro   0x0000000000026d89      0x189 ./Core/Src/syscalls.o
 .debug_macro   0x0000000000026f12       0x16 ./Core/Src/syscalls.o
 .debug_macro   0x0000000000026f28       0xce ./Core/Src/syscalls.o
 .debug_macro   0x0000000000026ff6       0xff ./Core/Src/sysmem.o
 .debug_macro   0x00000000000270f5      0x23b ./Core/Src/sysmem.o
 .debug_macro   0x0000000000027330      0x1ee ./Core/Src/system_stm32l4xx.o
 .debug_macro   0x000000000002751e      0x207 ./Core/Src/tim.o
 .debug_macro   0x0000000000027725      0x207 ./Core/Src/usart.o
 .debug_macro   0x000000000002792c      0x23c ./Drivers/STM32L4xx_HAL_Driver/Src/stm32l4xx_hal.o
 .debug_macro   0x0000000000027b68      0x1ee ./Drivers/STM32L4xx_HAL_Driver/Src/stm32l4xx_hal_cortex.o
 .debug_macro   0x0000000000027d56      0x1ee ./Drivers/STM32L4xx_HAL_Driver/Src/stm32l4xx_hal_dma.o
 .debug_macro   0x0000000000027f44      0x1f5 ./Drivers/STM32L4xx_HAL_Driver/Src/stm32l4xx_hal_gpio.o
 .debug_macro   0x0000000000028139      0x212 ./Drivers/STM32L4xx_HAL_Driver/Src/stm32l4xx_hal_pwr_ex.o
 .debug_macro   0x000000000002834b      0x230 ./Drivers/STM32L4xx_HAL_Driver/Src/stm32l4xx_hal_rcc.o
 .debug_macro   0x000000000002857b      0x224 ./Drivers/STM32L4xx_HAL_Driver/Src/stm32l4xx_hal_rcc_ex.o
 .debug_macro   0x000000000002879f      0x1f6 ./Drivers/STM32L4xx_HAL_Driver/Src/stm32l4xx_hal_spi.o
 .debug_macro   0x0000000000028995      0x1ef ./Drivers/STM32L4xx_HAL_Driver/Src/stm32l4xx_hal_tim.o
 .debug_macro   0x0000000000028b84      0x1ee ./Drivers/STM32L4xx_HAL_Driver/Src/stm32l4xx_hal_tim_ex.o
 .debug_macro   0x0000000000028d72      0x219 ./Drivers/STM32L4xx_HAL_Driver/Src/stm32l4xx_hal_uart.o

.debug_line     0x0000000000000000    0x16c6d
 .debug_line    0x0000000000000000      0x8ce ./Core/Src/dht11.o
 .debug_line    0x00000000000008ce      0x73e ./Core/Src/dma.o
 .debug_line    0x000000000000100c      0x760 ./Core/Src/gpio.o
 .debug_line    0x000000000000176c      0xa42 ./Core/Src/main.o
 .debug_line    0x00000000000021ae      0x7f2 ./Core/Src/spi.o
 .debug_line    0x00000000000029a0      0x742 ./Core/Src/stm32l4xx_hal_msp.o
 .debug_line    0x00000000000030e2      0x81d ./Core/Src/stm32l4xx_it.o
 .debug_line    0x00000000000038ff      0x821 ./Core/Src/syscalls.o
 .debug_line    0x0000000000004120      0x517 ./Core/Src/sysmem.o
 .debug_line    0x0000000000004637      0x7da ./Core/Src/system_stm32l4xx.o
 .debug_line    0x0000000000004e11      0x79a ./Core/Src/tim.o
 .debug_line    0x00000000000055ab      0x7c4 ./Core/Src/usart.o
 .debug_line    0x0000000000005d6f       0x88 ./Core/Startup/startup_stm32l476rgtx.o
 .debug_line    0x0000000000005df7      0xb32 ./Drivers/STM32L4xx_HAL_Driver/Src/stm32l4xx_hal.o
 .debug_line    0x0000000000006929      0xcd9 ./Drivers/STM32L4xx_HAL_Driver/Src/stm32l4xx_hal_cortex.o
 .debug_line    0x0000000000007602      0xd11 ./Drivers/STM32L4xx_HAL_Driver/Src/stm32l4xx_hal_dma.o
 .debug_line    0x0000000000008313      0xba6 ./Drivers/STM32L4xx_HAL_Driver/Src/stm32l4xx_hal_gpio.o
 .debug_line    0x0000000000008eb9      0xd2a ./Drivers/STM32L4xx_HAL_Driver/Src/stm32l4xx_hal_pwr_ex.o
 .debug_line    0x0000000000009be3      0xfac ./Drivers/STM32L4xx_HAL_Driver/Src/stm32l4xx_hal_rcc.o
 .debug_line    0x000000000000ab8f     0x14eb ./Drivers/STM32L4xx_HAL_Driver/Src/stm32l4xx_hal_rcc_ex.o
 .debug_line    0x000000000000c07a     0x1f6c ./Drivers/STM32L4xx_HAL_Driver/Src/stm32l4xx_hal_spi.o
 .debug_line    0x000000000000dfe6     0x3d9f ./Drivers/STM32L4xx_HAL_Driver/Src/stm32l4xx_hal_tim.o
 .debug_line    0x0000000000011d85     0x1c38 ./Drivers/STM32L4xx_HAL_Driver/Src/stm32l4xx_hal_tim_ex.o
 .debug_line    0x00000000000139bd     0x32b0 ./Drivers/STM32L4xx_HAL_Driver/Src/stm32l4xx_hal_uart.o

.debug_str      0x0000000000000000    0xf7fa2
 .debug_str     0x0000000000000000    0xedc76 ./Core/Src/dht11.o
                                      0xedfdc (size before relaxing)
 .debug_str     0x00000000000edc76      0x5e5 ./Core/Src/dma.o
                                      0xedef8 (size before relaxing)
 .debug_str     0x00000000000ee25b       0x64 ./Core/Src/gpio.o
                                      0xedab8 (size before relaxing)
 .debug_str     0x00000000000ee2bf     0x43cb ./Core/Src/main.o
                                      0xf2311 (size before relaxing)
 .debug_str     0x00000000000f268a       0x84 ./Core/Src/spi.o
                                      0xedf0d (size before relaxing)
 .debug_str     0x00000000000f270e       0x2c ./Core/Src/stm32l4xx_hal_msp.o
                                      0xed9e8 (size before relaxing)
 .debug_str     0x00000000000f273a       0xf5 ./Core/Src/stm32l4xx_it.o
                                      0xedb4d (size before relaxing)
 .debug_str     0x00000000000f282f     0x1750 ./Core/Src/syscalls.o
                                       0x8a6a (size before relaxing)